<html>
<body>
<pre>
<h1>µVision Build Log</h1>
<h2>Tool Versions:</h2>
IDE-Version: µVision V5.37.0.0
Copyright (C) 2022 ARM Ltd and ARM Germany GmbH. All rights reserved.
License Information: yat hin cheng, polytechnic university, LIC=----
 
Tool Versions:
Toolchain:       MDK-Lite  Version: 5.37.0.0
Toolchain Path:  C:\Keil_v5\ARM\ARMCLANG\Bin
C Compiler:      ArmClang.exe V6.18
Assembler:       Armasm.exe V6.18
Linker/Locator:  ArmLink.exe V6.18
Library Manager: ArmAr.exe V6.18
Hex Converter:   FromElf.exe V6.18
CPU DLL:         SARMCM3.DLL V5.37.0.0
Dialog DLL:      DCM.DLL V1.17.5.0
Target DLL:      UL2CM3.DLL V1.164.7.0
Dialog DLL:      TCM.DLL V1.56.1.0
 
<h2>Project:</h2>
C:\Users\marco\OneDrive - The Hong Kong Polytechnic University\poly things\yr3sem2\eie3105\demo\photoresistor\demo2.uvprojx
Project File Date:  03/13/2023

<h2>Output:</h2>
*** Using Compiler 'V6.18', folder: 'C:\Keil_v5\ARM\ARMCLANG\Bin'
Build target 'Target 1'
main.c(11): warning: // comments are not allowed in this language [-Wcomment]
#include "stm32f10x.h"                  // Device header
                                        ^
main.c(14): warning: no previous extern declaration for non-static variable 'state' [-Wmissing-variable-declarations]
unsigned char state=0;
              ^
main.c(14): note: declare 'static' if the variable is not intended to be used outside of this translation unit
unsigned char state=0;
^
main.c(19): warning: no previous extern declaration for non-static variable 'led8bit' [-Wmissing-variable-declarations]
unsigned char led8bit=1;
              ^
main.c(19): note: declare 'static' if the variable is not intended to be used outside of this translation unit
unsigned char led8bit=1;
^
main.c(20): warning: this function declaration is not a prototype [-Wstrict-prototypes]
void readFloor();
              ^
               void
main.c(21): warning: no previous extern declaration for non-static variable 'buffer' [-Wmissing-variable-declarations]
char buffer[] = {"Yes"};
     ^
main.c(21): note: declare 'static' if the variable is not intended to be used outside of this translation unit
char buffer[] = {"Yes"};
^
main.c(22): warning: no previous extern declaration for non-static variable 'count' [-Wmissing-variable-declarations]
int count = 0;//0 11 for testing turn
    ^
main.c(22): note: declare 'static' if the variable is not intended to be used outside of this translation unit
int count = 0;//0 11 for testing turn
^
main.c(23): warning: no previous extern declaration for non-static variable 'repeat' [-Wmissing-variable-declarations]
int repeat = 0;
    ^
main.c(23): note: declare 'static' if the variable is not intended to be used outside of this translation unit
int repeat = 0;
^
main.c(33): warning: implicit conversion loses integer precision: 'unsigned int' to 'uint16_t' (aka 'unsigned short') [-Wimplicit-int-conversion]
    CH1.TIM_Pulse = l;//LEFT Wheel
                  ~ ^
main.c(44): warning: implicit conversion loses integer precision: 'unsigned int' to 'uint16_t' (aka 'unsigned short') [-Wimplicit-int-conversion]
    CH2.TIM_Pulse = r;//RIGHT Wheel
                  ~ ^
main.c(42): warning: mixing declarations and code is a C99 extension [-Wdeclaration-after-statement]
    TIM_OCInitTypeDef CH2;
                      ^
main.c(55): warning: no previous prototype for function 'pwm' [-Wmissing-prototypes]
void pwm(unsigned int l, unsigned int r){
     ^
main.c(55): note: declare 'static' if the function is not intended to be used outside of this translation unit
void pwm(unsigned int l, unsigned int r){
^
static 
main.c(11): warning: In file included from...
C:/Users/marco/AppData/Local/Arm/Packs/Keil/STM32F1xx_DFP/2.4.0/Device/Include\stm32f10x.h(8347): warning: In file included from...
./RTE/Device/STM32F103C8\stm32f10x_conf.h(90): warning: In file included from...
C:/Users/marco/AppData/Local/Arm/Packs/Keil/STM32F1xx_DFP/2.4.0/Device/StdPeriph_Driver/inc\stm32f10x_usart.h(49): warning: padding size of 'USART_InitTypeDef' with 2 bytes to alignment boundary [-Wpadded]
typedef struct
        ^
main.c(11): warning: In file included from...
C:/Users/marco/AppData/Local/Arm/Packs/Keil/STM32F1xx_DFP/2.4.0/Device/Include\stm32f10x.h(8347): warning: In file included from...
./RTE/Device/STM32F103C8\stm32f10x_conf.h(87): warning: In file included from...
C:/Users/marco/AppData/Local/Arm/Packs/Keil/STM32F1xx_DFP/2.4.0/Device/StdPeriph_Driver/inc\stm32f10x_tim.h(50): warning: padding size of 'TIM_TimeBaseInitTypeDef' with 1 byte to alignment boundary [-Wpadded]
typedef struct
        ^
main.c(207): warning: mixing declarations and code is a C99 extension [-Wdeclaration-after-statement]
                        TIM_OCInitTypeDef CH2;
                                          ^
main.c(259): warning: mixing declarations and code is a C99 extension [-Wdeclaration-after-statement]
                        TIM_OCInitTypeDef DCH2;
                                          ^
main.c(310): warning: mixing declarations and code is a C99 extension [-Wdeclaration-after-statement]
                        TIM_OCInitTypeDef CH2;
                                          ^
main.c(362): warning: mixing declarations and code is a C99 extension [-Wdeclaration-after-statement]
                        TIM_OCInitTypeDef CH2;
                                          ^
main.c(414): warning: mixing declarations and code is a C99 extension [-Wdeclaration-after-statement]
                        TIM_OCInitTypeDef CH2;
                                          ^
main.c(466): warning: mixing declarations and code is a C99 extension [-Wdeclaration-after-statement]
                        TIM_OCInitTypeDef CH2;
                                          ^
main.c(518): warning: mixing declarations and code is a C99 extension [-Wdeclaration-after-statement]
                        TIM_OCInitTypeDef CH2;
                                          ^
main.c(570): warning: mixing declarations and code is a C99 extension [-Wdeclaration-after-statement]
                        TIM_OCInitTypeDef CH2;
                                          ^
main.c(622): warning: mixing declarations and code is a C99 extension [-Wdeclaration-after-statement]
                        TIM_OCInitTypeDef CH2;
                                          ^
main.c(674): warning: mixing declarations and code is a C99 extension [-Wdeclaration-after-statement]
                        TIM_OCInitTypeDef CH2;
                                          ^
main.c(726): warning: mixing declarations and code is a C99 extension [-Wdeclaration-after-statement]
                        TIM_OCInitTypeDef CH2;
                                          ^
main.c(778): warning: mixing declarations and code is a C99 extension [-Wdeclaration-after-statement]
                        TIM_OCInitTypeDef CH2;
                                          ^
main.c(830): warning: mixing declarations and code is a C99 extension [-Wdeclaration-after-statement]
                        TIM_OCInitTypeDef CH2;
                                          ^
main.c(882): warning: mixing declarations and code is a C99 extension [-Wdeclaration-after-statement]
                        TIM_OCInitTypeDef CH2;
                                          ^
main.c(934): warning: mixing declarations and code is a C99 extension [-Wdeclaration-after-statement]
                        TIM_OCInitTypeDef DCH2;
                                          ^
main.c(976): warning: mixing declarations and code is a C99 extension [-Wdeclaration-after-statement]
                        TIM_OCInitTypeDef DCH1;
                                          ^
main.c(1031): warning: mixing declarations and code is a C99 extension [-Wdeclaration-after-statement]
                        TIM_OCInitTypeDef DCH1;
                                          ^
main.c(1094): warning: mixing declarations and code is a C99 extension [-Wdeclaration-after-statement]
                        TIM_OCInitTypeDef CH2;
                                          ^
main.c(1134): warning: implicit conversion loses integer precision: 'unsigned int' to 'uint16_t' (aka 'unsigned short') [-Wimplicit-int-conversion]
    CH1.TIM_Pulse = pwm_left;
                  ~ ^~~~~~~~
main.c(1142): warning: implicit conversion loses integer precision: 'unsigned int' to 'uint16_t' (aka 'unsigned short') [-Wimplicit-int-conversion]
    CH2.TIM_Pulse = pwm_right;
                  ~ ^~~~~~~~~
main.c(1132): warning: mixing declarations and code is a C99 extension [-Wdeclaration-after-statement]
                TIM_OCInitTypeDef CH1;
                                  ^
main.c(70): warning: mixing declarations and code is a C99 extension [-Wdeclaration-after-statement]
        GPIO_InitTypeDef GPIO_InitStructure;
                         ^
main.c(1158): warning: empty expression statement has no effect; remove unnecessary ';' to silence this warning [-Wextra-semi-stmt]
        NVIC_EnableIRQ(SPI1_IRQn);;
                                  ^
main.c(1150): warning: no previous prototype for function 'readFloor' [-Wmissing-prototypes]
void readFloor() 
     ^
main.c(20): note: this declaration is not a prototype; add 'void' to make it a prototype for a zero-parameter function
void readFloor();
     ^
               void
main.c(1150): warning: this old-style function definition is not preceded by a prototype [-Wstrict-prototypes]
void readFloor() 
              ^
main.c(1161): warning: no previous prototype for function 'SPI1_IRQHandler' [-Wmissing-prototypes]
void SPI1_IRQHandler() 
     ^
main.c(1161): note: declare 'static' if the function is not intended to be used outside of this translation unit
void SPI1_IRQHandler() 
^
static 
main.c(1161): warning: this old-style function definition is not preceded by a prototype [-Wstrict-prototypes]
void SPI1_IRQHandler() 
                    ^
main.c(1399): warning: no newline at end of file [-Wnewline-eof]
}
 ^
main.c(1393): warning: no previous prototype for function 'SysTick_Handler' [-Wmissing-prototypes]
void SysTick_Handler()
     ^
main.c(1393): note: declare 'static' if the function is not intended to be used outside of this translation unit
void SysTick_Handler()
^
static 
main.c(1393): warning: this old-style function definition is not preceded by a prototype [-Wstrict-prototypes]
void SysTick_Handler()
                    ^
main.c(15): warning: no previous extern declaration for non-static variable 'c' [-Wmissing-variable-declarations]
unsigned char c;
              ^
main.c(15): note: declare 'static' if the variable is not intended to be used outside of this translation unit
unsigned char c;
^
main.c(18): warning: no previous extern declaration for non-static variable 'character' [-Wmissing-variable-declarations]
unsigned char character;
              ^
main.c(18): note: declare 'static' if the variable is not intended to be used outside of this translation unit
unsigned char character;
^
45 warnings generated.
compiling main.c...
linking...
Program Size: Code=12024 RO-data=304 RW-data=4 ZI-data=1664  
FromELF: creating hex file...
".\Objects\demo2.axf" - 0 Error(s), 45 Warning(s).

<h2>Software Packages used:</h2>

Package Vendor: ARM
                http://www.keil.com/pack/ARM.CMSIS.5.9.0.pack
                ARM.CMSIS.5.9.0
                CMSIS (Common Microcontroller Software Interface Standard)
   * Component: CORE Version: 5.6.0

Package Vendor: Keil
                http://www.keil.com/pack/Keil.STM32F1xx_DFP.2.4.0.pack
                Keil.STM32F1xx_DFP.2.4.0
                STMicroelectronics STM32F1 Series Device Support, Drivers and Examples
   * Component: Startup Version: 1.0.0
   * Component: DMA Version: 3.6.0
   * Component: EXTI Version: 3.6.0
   * Component: Flash Version: 3.6.0
   * Component: Framework Version: 3.6.0
   * Component: GPIO Version: 3.6.0
   * Component: RCC Version: 3.6.0
   * Component: SPI Version: 3.6.0
   * Component: TIM Version: 3.6.0
   * Component: USART Version: 3.6.0

<h2>Collection of Component include folders:</h2>
  ./RTE/Device/STM32F103C8
  ./RTE/_Target_1
  C:/Users/marco/AppData/Local/Arm/Packs/ARM/CMSIS/5.9.0/CMSIS/Core/Include
  C:/Users/marco/AppData/Local/Arm/Packs/Keil/STM32F1xx_DFP/2.4.0/Device/Include
  C:/Users/marco/AppData/Local/Arm/Packs/Keil/STM32F1xx_DFP/2.4.0/Device/StdPeriph_Driver/inc

<h2>Collection of Component Files used:</h2>

   * Component: ARM::CMSIS:CORE:5.6.0

   * Component: Keil::Device:Startup:1.0.0
      Source file:   Device/Source/ARM/startup_stm32f10x_md.s
      Source file:   Device/Source/ARM/STM32F1xx_OPT.s
      Source file:   Device/Source/system_stm32f10x.c
      Include file:  RTE_Driver/Config/RTE_Device.h

   * Component: Keil::Device:StdPeriph Drivers:DMA:3.6.0
      Include file:  Device/StdPeriph_Driver/inc/stm32f10x_dma.h
      Source file:   Device/StdPeriph_Driver/src/stm32f10x_dma.c

   * Component: Keil::Device:StdPeriph Drivers:EXTI:3.6.0
      Include file:  Device/StdPeriph_Driver/inc/stm32f10x_exti.h
      Source file:   Device/StdPeriph_Driver/src/stm32f10x_exti.c

   * Component: Keil::Device:StdPeriph Drivers:Flash:3.6.0
      Include file:  Device/StdPeriph_Driver/inc/stm32f10x_flash.h
      Source file:   Device/StdPeriph_Driver/src/stm32f10x_flash.c

   * Component: Keil::Device:StdPeriph Drivers:Framework:3.6.0
      Source file:   Device/StdPeriph_Driver/templates/stm32f10x_it.c
      Source file:   Device/StdPeriph_Driver/src/misc.c
      Source file:   Device/StdPeriph_Driver/templates/stm32f10x_conf.h
      Include file:  Device/StdPeriph_Driver/inc/misc.h
      Include file:  Device/StdPeriph_Driver/templates/stm32f10x_it.h

   * Component: Keil::Device:StdPeriph Drivers:GPIO:3.6.0
      Include file:  Device/StdPeriph_Driver/inc/stm32f10x_gpio.h
      Source file:   Device/StdPeriph_Driver/src/stm32f10x_gpio.c

   * Component: Keil::Device:StdPeriph Drivers:RCC:3.6.0
      Include file:  Device/StdPeriph_Driver/inc/stm32f10x_rcc.h
      Source file:   Device/StdPeriph_Driver/src/stm32f10x_rcc.c

   * Component: Keil::Device:StdPeriph Drivers:SPI:3.6.0
      Source file:   Device/StdPeriph_Driver/src/stm32f10x_spi.c
      Include file:  Device/StdPeriph_Driver/inc/stm32f10x_spi.h

   * Component: Keil::Device:StdPeriph Drivers:TIM:3.6.0
      Include file:  Device/StdPeriph_Driver/inc/stm32f10x_tim.h
      Source file:   Device/StdPeriph_Driver/src/stm32f10x_tim.c

   * Component: Keil::Device:StdPeriph Drivers:USART:3.6.0
      Include file:  Device/StdPeriph_Driver/inc/stm32f10x_usart.h
      Source file:   Device/StdPeriph_Driver/src/stm32f10x_usart.c
Build Time Elapsed:  00:00:02
</pre>
</body>
</html>
