Component: Arm Compiler for Embedded 6.18 Tool: armlink [5e4cc100]

==============================================================================

Section Cross References

    uart1.o(.text.USART1_IRQHandler) refers to uart1.o(.text._ZN12_GLOBAL__N_14getCERc) for (anonymous namespace)::getC(char&)
    uart1.o(.ARM.exidx.text.USART1_IRQHandler) refers to uart1.o(.text.USART1_IRQHandler) for [Anonymous Symbol]
    uart1.o(.text._ZN12_GLOBAL__N_14getCERc) refers to uart1.o(.bss._ZN12_GLOBAL__N_13ptrE) for (anonymous namespace)::ptr
    uart1.o(.text._ZN12_GLOBAL__N_14getCERc) refers to uart1.o(.bss._ZN12_GLOBAL__N_15countE) for (anonymous namespace)::count
    uart1.o(.ARM.exidx.text._ZN12_GLOBAL__N_14getCERc) refers to uart1.o(.text._ZN12_GLOBAL__N_14getCERc) for [Anonymous Symbol]
    uart1.o(.text._Z10uart1_sendPKci) refers to uart1.o(.bss._ZN12_GLOBAL__N_13ptrE) for (anonymous namespace)::ptr
    uart1.o(.text._Z10uart1_sendPKci) refers to uart1.o(.bss._ZN12_GLOBAL__N_15countE) for (anonymous namespace)::count
    uart1.o(.ARM.exidx.text._Z10uart1_sendPKci) refers to uart1.o(.text._Z10uart1_sendPKci) for [Anonymous Symbol]
    uart1.o(.text._Z11uart1_printPKc) refers to uart1.o(.text._Z10uart1_sendPKci) for uart1_send(char const*, int)
    uart1.o(.ARM.exidx.text._Z11uart1_printPKc) refers to uart1.o(.text._Z11uart1_printPKc) for [Anonymous Symbol]
    uart1.o(.ARM.exidx.text._Z10uart1_readRc) refers to uart1.o(.text._Z10uart1_readRc) for [Anonymous Symbol]
    uart3.o(.text.USART3_IRQHandler) refers to uart3.o(.text._ZN12_GLOBAL__N_14getCERc) for (anonymous namespace)::getC(char&)
    uart3.o(.ARM.exidx.text.USART3_IRQHandler) refers to uart3.o(.text.USART3_IRQHandler) for [Anonymous Symbol]
    uart3.o(.text._ZN12_GLOBAL__N_14getCERc) refers to uart3.o(.bss._ZN12_GLOBAL__N_13ptrE) for (anonymous namespace)::ptr
    uart3.o(.text._ZN12_GLOBAL__N_14getCERc) refers to uart3.o(.bss._ZN12_GLOBAL__N_15countE) for (anonymous namespace)::count
    uart3.o(.ARM.exidx.text._ZN12_GLOBAL__N_14getCERc) refers to uart3.o(.text._ZN12_GLOBAL__N_14getCERc) for [Anonymous Symbol]
    uart3.o(.text._Z10uart3_sendPKci) refers to uart3.o(.bss._ZN12_GLOBAL__N_13ptrE) for (anonymous namespace)::ptr
    uart3.o(.text._Z10uart3_sendPKci) refers to uart3.o(.bss._ZN12_GLOBAL__N_15countE) for (anonymous namespace)::count
    uart3.o(.ARM.exidx.text._Z10uart3_sendPKci) refers to uart3.o(.text._Z10uart3_sendPKci) for [Anonymous Symbol]
    uart3.o(.text._Z11uart3_printPKc) refers to uart3.o(.text._Z10uart3_sendPKci) for uart3_send(char const*, int)
    uart3.o(.ARM.exidx.text._Z11uart3_printPKc) refers to uart3.o(.text._Z11uart3_printPKc) for [Anonymous Symbol]
    uart3.o(.ARM.exidx.text._Z10uart3_readRc) refers to uart3.o(.text._Z10uart3_readRc) for [Anonymous Symbol]
    main.o(.text.main) refers to os.o(.text._Z4initv) for init()
    main.o(.text.main) refers to stm32f10x_gpio.o(.text.GPIO_ReadInputDataBit) for GPIO_ReadInputDataBit
    main.o(.text.main) refers to os.o(.text._Z10uart3_sendc) for uart3_send(char)
    main.o(.text.main) refers to os.o(.text._Z4getXv) for getX()
    main.o(.text.main) refers to os.o(.text._Z4getYv) for getY()
    main.o(.text.main) refers to main.o(.text._Z10ADC_selectss) for ADC_select(short, short)
    main.o(.text.main) refers to os.o(.text._Z4getVv) for getV()
    main.o(.text.main) refers to main.o(.bss.buffer) for buffer
    main.o(.text.main) refers to main.o(.rodata.str1.1) for .L.str
    main.o(.text.main) refers to sprintf.o(.text) for sprintf
    main.o(.text.main) refers to uart1.o(.text._Z10uart1_sendPKci) for uart1_send(char const*, int)
    main.o(.ARM.exidx.text.main) refers to main.o(.text.main) for [Anonymous Symbol]
    main.o(.text._Z10ADC_selectss) refers to os.o(.text._Z10uart3_sendc) for uart3_send(char)
    main.o(.ARM.exidx.text._Z10ADC_selectss) refers to main.o(.text._Z10ADC_selectss) for [Anonymous Symbol]
    os.o(.ARM.exidx.text._Z10on_buttonsc) refers to os.o(.text._Z10on_buttonsc) for [Anonymous Symbol]
    os.o(.text._Z4getXv) refers to os.o(.bss._ZN12_GLOBAL__N_14ADCsE) for (anonymous namespace)::ADCs
    os.o(.ARM.exidx.text._Z4getXv) refers to os.o(.text._Z4getXv) for [Anonymous Symbol]
    os.o(.text._Z4getYv) refers to os.o(.bss._ZN12_GLOBAL__N_14ADCsE) for (anonymous namespace)::ADCs
    os.o(.ARM.exidx.text._Z4getYv) refers to os.o(.text._Z4getYv) for [Anonymous Symbol]
    os.o(.text._Z4getVv) refers to os.o(.bss._ZN12_GLOBAL__N_14ADCsE) for (anonymous namespace)::ADCs
    os.o(.ARM.exidx.text._Z4getVv) refers to os.o(.text._Z4getVv) for [Anonymous Symbol]
    os.o(.text._Z4initv) refers to os.o(.text._ZL14SysTick_Configj) for SysTick_Config(unsigned int)
    os.o(.text._Z4initv) refers to os.o(.bss._ZN12_GLOBAL__N_14ADCsE) for (anonymous namespace)::ADCs
    os.o(.text._Z4initv) refers to os.o(.text._ZL16__NVIC_EnableIRQ4IRQn) for __NVIC_EnableIRQ(IRQn)
    os.o(.ARM.exidx.text._Z4initv) refers to os.o(.text._Z4initv) for [Anonymous Symbol]
[...]
    Removing stm32f10x_usart.o(.text.USART_SetPrescaler), (34 bytes).
    Removing stm32f10x_usart.o(.ARM.exidx.text.USART_SetPrescaler), (8 bytes).
    Removing stm32f10x_usart.o(.text.USART_SmartCardCmd), (44 bytes).
    Removing stm32f10x_usart.o(.ARM.exidx.text.USART_SmartCardCmd), (8 bytes).
    Removing stm32f10x_usart.o(.text.USART_SmartCardNACKCmd), (44 bytes).
    Removing stm32f10x_usart.o(.ARM.exidx.text.USART_SmartCardNACKCmd), (8 bytes).
    Removing stm32f10x_usart.o(.text.USART_HalfDuplexCmd), (44 bytes).
    Removing stm32f10x_usart.o(.ARM.exidx.text.USART_HalfDuplexCmd), (8 bytes).
    Removing stm32f10x_usart.o(.text.USART_OverSampling8Cmd), (44 bytes).
    Removing stm32f10x_usart.o(.ARM.exidx.text.USART_OverSampling8Cmd), (8 bytes).
    Removing stm32f10x_usart.o(.text.USART_OneBitMethodCmd), (44 bytes).
    Removing stm32f10x_usart.o(.ARM.exidx.text.USART_OneBitMethodCmd), (8 bytes).
    Removing stm32f10x_usart.o(.text.USART_IrDAConfig), (34 bytes).
    Removing stm32f10x_usart.o(.ARM.exidx.text.USART_IrDAConfig), (8 bytes).
    Removing stm32f10x_usart.o(.text.USART_IrDACmd), (44 bytes).
    Removing stm32f10x_usart.o(.ARM.exidx.text.USART_IrDACmd), (8 bytes).
    Removing stm32f10x_usart.o(.text.USART_GetFlagStatus), (68 bytes).
    Removing stm32f10x_usart.o(.ARM.exidx.text.USART_GetFlagStatus), (8 bytes).
    Removing stm32f10x_usart.o(.text.USART_ClearFlag), (36 bytes).
    Removing stm32f10x_usart.o(.ARM.exidx.text.USART_ClearFlag), (8 bytes).
    Removing stm32f10x_usart.o(.text.USART_GetITStatus), (176 bytes).
    Removing stm32f10x_usart.o(.ARM.exidx.text.USART_GetITStatus), (8 bytes).
    Removing stm32f10x_usart.o(.text.USART_ClearITPendingBit), (68 bytes).
    Removing stm32f10x_usart.o(.ARM.exidx.text.USART_ClearITPendingBit), (8 bytes).
    Removing system_stm32f10x.o(.text), (0 bytes).
    Removing system_stm32f10x.o(.ARM.exidx.text.SystemInit), (8 bytes).
    Removing system_stm32f10x.o(.ARM.exidx.text.SetSysClock), (8 bytes).
    Removing system_stm32f10x.o(.text.SystemCoreClockUpdate), (290 bytes).
    Removing system_stm32f10x.o(.ARM.exidx.text.SystemCoreClockUpdate), (8 bytes).
    Removing system_stm32f10x.o(.ARM.exidx.text.SetSysClockTo72), (8 bytes).
    Removing system_stm32f10x.o(.data.SystemCoreClock), (4 bytes).
    Removing system_stm32f10x.o(.rodata.AHBPrescTable), (16 bytes).

578 unused section(s) (total 21616 bytes) removed from the image.

==============================================================================

Image Symbol Table

    Local Symbols

    Symbol Name                              Value     Ov Type        Size  Object(Section)

    ../clib/angel/boardlib.s                 0x00000000   Number         0  boardinit1.o ABSOLUTE
    ../clib/angel/boardlib.s                 0x00000000   Number         0  boardinit2.o ABSOLUTE
    ../clib/angel/boardlib.s                 0x00000000   Number         0  boardinit3.o ABSOLUTE
    ../clib/angel/boardlib.s                 0x00000000   Number         0  boardshut.o ABSOLUTE
    ../clib/angel/handlers.s                 0x00000000   Number         0  __scatter_zi.o ABSOLUTE
    ../clib/angel/kernel.s                   0x00000000   Number         0  __rtentry.o ABSOLUTE
    ../clib/angel/kernel.s                   0x00000000   Number         0  __rtentry2.o ABSOLUTE
    ../clib/angel/kernel.s                   0x00000000   Number         0  __rtentry4.o ABSOLUTE
    ../clib/angel/kernel.s                   0x00000000   Number         0  rtexit.o ABSOLUTE
    ../clib/angel/kernel.s                   0x00000000   Number         0  rtexit2.o ABSOLUTE
    ../clib/angel/rt.s                       0x00000000   Number         0  rt_ctype_table.o ABSOLUTE
    ../clib/angel/rt.s                       0x00000000   Number         0  rt_locale.o ABSOLUTE
    ../clib/angel/rt.s                       0x00000000   Number         0  rt_locale_intlibspace.o ABSOLUTE
    ../clib/angel/rt.s                       0x00000000   Number         0  rt_raise.o ABSOLUTE
    ../clib/angel/scatter.s                  0x00000000   Number         0  __scatter.o ABSOLUTE
    ../clib/angel/startup.s                  0x00000000   Number         0  __main.o ABSOLUTE
    ../clib/angel/sys.s                      0x00000000   Number         0  sys_stackheap_outer.o ABSOLUTE
    ../clib/angel/sys.s                      0x00000000   Number         0  libspace.o ABSOLUTE
    ../clib/angel/sys.s                      0x00000000   Number         0  use_no_semi.o ABSOLUTE
    ../clib/angel/sys.s                      0x00000000   Number         0  indicate_semi.o ABSOLUTE
    ../clib/angel/sysapp.c                   0x00000000   Number         0  sys_exit.o ABSOLUTE
    ../clib/angel/sysapp.c                   0x00000000   Number         0  sys_exit_hlt.o ABSOLUTE
    ../clib/angel/sysapp.c                   0x00000000   Number         0  sys_command.o ABSOLUTE
    ../clib/angel/sysapp.c                   0x00000000   Number         0  sys_command_hlt.o ABSOLUTE
    ../clib/angel/sysapp.c                   0x00000000   Number         0  sys_wrch.o ABSOLUTE
    ../clib/angel/sysapp.c                   0x00000000   Number         0  sys_wrch_hlt.o ABSOLUTE
    ../clib/armsys.c                         0x00000000   Number         0  argv_veneer.o ABSOLUTE
    ../clib/armsys.c                         0x00000000   Number         0  argv_veneer.o ABSOLUTE
    ../clib/armsys.c                         0x00000000   Number         0  _get_argv_nomalloc.o ABSOLUTE
    ../clib/armsys.c                         0x00000000   Number         0  no_argv.o ABSOLUTE
    ../clib/bigflt.c                         0x00000000   Number         0  bigflt0.o ABSOLUTE
    ../clib/btod.s                           0x00000000   Number         0  btod.o ABSOLUTE
    ../clib/btod_accurate.c                  0x00000000   Number         0  btod_accurate.o ABSOLUTE
    ../clib/btod_accurate.c                  0x00000000   Number         0  btod_accurate_common.o ABSOLUTE
    ../clib/heapalloc.c                      0x00000000   Number         0  hrguard.o ABSOLUTE
    ../clib/heapaux.c                        0x00000000   Number         0  heapauxi.o ABSOLUTE
    ../clib/libinit.s                        0x00000000   Number         0  libinit.o ABSOLUTE
    ../clib/libinit.s                        0x00000000   Number         0  libinit2.o ABSOLUTE
    ../clib/libinit.s                        0x00000000   Number         0  libshutdown.o ABSOLUTE
    ../clib/libinit.s                        0x00000000   Number         0  libshutdown2.o ABSOLUTE
    ../clib/locale.c                         0x00000000   Number         0  _c16rtomb.o ABSOLUTE
    ../clib/locale.s                         0x00000000   Number         0  lc_numeric_c.o ABSOLUTE
    ../clib/locale.s                         0x00000000   Number         0  lc_ctype_c.o ABSOLUTE
    ../clib/longlong.s                       0x00000000   Number         0  lludiv10.o ABSOLUTE
    ../clib/longlong.s                       0x00000000   Number         0  llushr.o ABSOLUTE
    ../clib/memcpset.s                       0x00000000   Number         0  strcmpv7m.o ABSOLUTE
    ../clib/misc.s                           0x00000000   Number         0  printf_stubs.o ABSOLUTE
    ../clib/printf.c                         0x00000000   Number         0  sprintf.o ABSOLUTE
    ../clib/printf.c                         0x00000000   Number         0  __printf.o ABSOLUTE
    ../clib/printf.c                         0x00000000   Number         0  _printf_pad.o ABSOLUTE
    ../clib/printf.c                         0x00000000   Number         0  _printf_truncate.o ABSOLUTE
    ../clib/printf.c                         0x00000000   Number         0  _printf_str.o ABSOLUTE
    ../clib/printf.c                         0x00000000   Number         0  _printf_dec.o ABSOLUTE
    ../clib/printf.c                         0x00000000   Number         0  _printf_charcount.o ABSOLUTE
    ../clib/printf.c                         0x00000000   Number         0  _printf_char_common.o ABSOLUTE
    ../clib/printf.c                         0x00000000   Number         0  _sputc.o ABSOLUTE
    ../clib/printf.c                         0x00000000   Number         0  _printf_wctomb.o ABSOLUTE
    ../clib/printf.c                         0x00000000   Number         0  _printf_longlong_dec.o ABSOLUTE
    ../clib/printf.c                         0x00000000   Number         0  _printf_oct_ll.o ABSOLUTE
    ../clib/printf.c                         0x00000000   Number         0  _printf_oct_int.o ABSOLUTE
    ../clib/printf.c                         0x00000000   Number         0  _printf_oct_int_ll.o ABSOLUTE
    ../clib/printf.c                         0x00000000   Number         0  _printf_hex_ll.o ABSOLUTE
    ../clib/printf.c                         0x00000000   Number         0  _printf_hex_int.o ABSOLUTE
    ../clib/printf.c                         0x00000000   Number         0  _printf_hex_int_ll.o ABSOLUTE
    ../clib/printf.c                         0x00000000   Number         0  _printf_hex_ptr.o ABSOLUTE
    ../clib/printf.c                         0x00000000   Number         0  _printf_hex_int_ptr.o ABSOLUTE
    ../clib/printf.c                         0x00000000   Number         0  _printf_hex_ll_ptr.o ABSOLUTE
    ../clib/printf.c                         0x00000000   Number         0  _printf_hex_int_ll_ptr.o ABSOLUTE
    ../clib/printf.c                         0x00000000   Number         0  __printf_flags.o ABSOLUTE
    ../clib/printf.c                         0x00000000   Number         0  __printf_ss.o ABSOLUTE
    ../clib/printf.c                         0x00000000   Number         0  __printf_flags_ss.o ABSOLUTE
    ../clib/printf.c                         0x00000000   Number         0  __printf_wp.o ABSOLUTE
    ../clib/printf.c                         0x00000000   Number         0  __printf_flags_wp.o ABSOLUTE
    ../clib/printf.c                         0x00000000   Number         0  __printf_ss_wp.o ABSOLUTE
    ../clib/printf.c                         0x00000000   Number         0  __printf_flags_ss_wp.o ABSOLUTE
    ../clib/printf.c                         0x00000000   Number         0  _printf_intcommon.o ABSOLUTE
    ../clib/printf.c                         0x00000000   Number         0  _printf_fp_dec.o ABSOLUTE
    ../clib/printf.c                         0x00000000   Number         0  _printf_fp_dec_accurate.o ABSOLUTE
    ../clib/printf.c                         0x00000000   Number         0  _printf_fp_hex.o ABSOLUTE
    ../clib/printf.c                         0x00000000   Number         0  __printf_nopercent.o ABSOLUTE
    ../clib/printf.c                         0x00000000   Number         0  _printf_char.o ABSOLUTE
    ../clib/printf.c                         0x00000000   Number         0  _printf_wchar.o ABSOLUTE
    ../clib/printf.c                         0x00000000   Number         0  _printf_fp_infnan.o ABSOLUTE
    ../clib/printf_percent.s                 0x00000000   Number         0  _printf_c.o ABSOLUTE
    ../clib/printf_percent.s                 0x00000000   Number         0  _printf_s.o ABSOLUTE
    ../clib/printf_percent.s                 0x00000000   Number         0  _printf_n.o ABSOLUTE
    ../clib/printf_percent.s                 0x00000000   Number         0  _printf_x.o ABSOLUTE
    ../clib/printf_percent.s                 0x00000000   Number         0  _printf_p.o ABSOLUTE
    ../clib/printf_percent.s                 0x00000000   Number         0  _printf_o.o ABSOLUTE
    ../clib/printf_percent.s                 0x00000000   Number         0  _printf_i.o ABSOLUTE
    ../clib/printf_percent.s                 0x00000000   Number         0  _printf_d.o ABSOLUTE
    ../clib/printf_percent.s                 0x00000000   Number         0  _printf_u.o ABSOLUTE
    ../clib/printf_percent.s                 0x00000000   Number         0  _printf_f.o ABSOLUTE
    ../clib/printf_percent.s                 0x00000000   Number         0  _printf_e.o ABSOLUTE
    ../clib/printf_percent.s                 0x00000000   Number         0  _printf_g.o ABSOLUTE
    ../clib/printf_percent.s                 0x00000000   Number         0  _printf_a.o ABSOLUTE
    ../clib/printf_percent.s                 0x00000000   Number         0  _printf_percent.o ABSOLUTE
    ../clib/printf_percent.s                 0x00000000   Number         0  _printf_lli.o ABSOLUTE
    ../clib/printf_percent.s                 0x00000000   Number         0  _printf_lld.o ABSOLUTE
    ../clib/printf_percent.s                 0x00000000   Number         0  _printf_llu.o ABSOLUTE
    ../clib/printf_percent.s                 0x00000000   Number         0  _printf_ll.o ABSOLUTE
    ../clib/printf_percent.s                 0x00000000   Number         0  _printf_l.o ABSOLUTE
    ../clib/printf_percent.s                 0x00000000   Number         0  _printf_lc.o ABSOLUTE
    ../clib/printf_percent.s                 0x00000000   Number         0  _printf_ls.o ABSOLUTE
    ../clib/printf_percent.s                 0x00000000   Number         0  _printf_llo.o ABSOLUTE
    ../clib/printf_percent.s                 0x00000000   Number         0  _printf_llx.o ABSOLUTE
    ../clib/printf_percent.s                 0x00000000   Number         0  _printf_percent_end.o ABSOLUTE
    ../clib/signal.c                         0x00000000   Number         0  defsig_rtmem_outer.o ABSOLUTE
    ../clib/signal.c                         0x00000000   Number         0  defsig_rtmem_formal.o ABSOLUTE
    ../clib/signal.c                         0x00000000   Number         0  defsig_exit.o ABSOLUTE
    ../clib/signal.c                         0x00000000   Number         0  defsig_rtmem_inner.o ABSOLUTE
    ../clib/signal.c                         0x00000000   Number         0  __raise.o ABSOLUTE
    ../clib/signal.c                         0x00000000   Number         0  defsig_general.o ABSOLUTE
    ../clib/signal.c                         0x00000000   Number         0  defsig_abrt_inner.o ABSOLUTE
    ../clib/signal.c                         0x00000000   Number         0  defsig_fpe_inner.o ABSOLUTE
    ../clib/signal.c                         0x00000000   Number         0  defsig_rtred_inner.o ABSOLUTE
    ../clib/signal.c                         0x00000000   Number         0  defsig_stak_inner.o ABSOLUTE
    ../clib/signal.c                         0x00000000   Number         0  defsig_pvfn_inner.o ABSOLUTE
    ../clib/signal.c                         0x00000000   Number         0  defsig_cppl_inner.o ABSOLUTE
    ../clib/signal.c                         0x00000000   Number         0  defsig_segv_inner.o ABSOLUTE
    ../clib/signal.c                         0x00000000   Number         0  defsig_other.o ABSOLUTE
    ../clib/signal.s                         0x00000000   Number         0  defsig.o ABSOLUTE
    ../clib/stdlib.c                         0x00000000   Number         0  exit.o ABSOLUTE
    ../fplib/fpinit.s                        0x00000000   Number         0  fpinit.o ABSOLUTE
    ../fplib/fpinit_empty.s                  0x00000000   Number         0  fpinit_empty.o ABSOLUTE
    ../fplib/istatus.s                       0x00000000   Number         0  istatus.o ABSOLUTE
    ../fplib/printf1.s                       0x00000000   Number         0  printf1.o ABSOLUTE
    ../fplib/printf2.s                       0x00000000   Number         0  printf2.o ABSOLUTE
    ../fplib/printf2a.s                      0x00000000   Number         0  printf2a.o ABSOLUTE
    ../fplib/printf2b.s                      0x00000000   Number         0  printf2b.o ABSOLUTE
    ../fplib/usenofp.s                       0x00000000   Number         0  usenofp.o ABSOLUTE
    ../mathlib/fpclassify.c                  0x00000000   Number         0  fpclassify.o ABSOLUTE
    RTE/Device/STM32F103RB/startup_stm32f10x_md.s 0x00000000   Number         0  startup_stm32f10x_md.o ABSOLUTE
    dc.s                                     0x00000000   Number         0  dc.o ABSOLUTE
    main.cpp                                 0x00000000   Number         0  main.o ABSOLUTE
    misc.c                                   0x00000000   Number         0  misc.o ABSOLUTE
    os.cpp                                   0x00000000   Number         0  os.o ABSOLUTE
    stm32f10x_adc.c                          0x00000000   Number         0  stm32f10x_adc.o ABSOLUTE
    stm32f10x_dma.c                          0x00000000   Number         0  stm32f10x_dma.o ABSOLUTE
    stm32f10x_exti.c                         0x00000000   Number         0  stm32f10x_exti.o ABSOLUTE
    stm32f10x_gpio.c                         0x00000000   Number         0  stm32f10x_gpio.o ABSOLUTE
    stm32f10x_rcc.c                          0x00000000   Number         0  stm32f10x_rcc.o ABSOLUTE
    stm32f10x_spi.c                          0x00000000   Number         0  stm32f10x_spi.o ABSOLUTE
    stm32f10x_tim.c                          0x00000000   Number         0  stm32f10x_tim.o ABSOLUTE
    stm32f10x_usart.c                        0x00000000   Number         0  stm32f10x_usart.o ABSOLUTE
    system_stm32f10x.c                       0x00000000   Number         0  system_stm32f10x.o ABSOLUTE
    uart1.cpp                                0x00000000   Number         0  uart1.o ABSOLUTE
    uart3.cpp                                0x00000000   Number         0  uart3.o ABSOLUTE
    RESET                                    0x08000000   Section      236  startup_stm32f10x_md.o(RESET)
    !!!main                                  0x080000ec   Section        8  __main.o(!!!main)
    !!!scatter                               0x080000f4   Section       52  __scatter.o(!!!scatter)
    !!handler_zi                             0x08000128   Section       28  __scatter_zi.o(!!handler_zi)
    .ARM.Collect$$_printf_percent$$00000000  0x08000144   Section        0  _printf_percent.o(.ARM.Collect$$_printf_percent$$00000000)
    .ARM.Collect$$_printf_percent$$00000001  0x08000144   Section        6  _printf_n.o(.ARM.Collect$$_printf_percent$$00000001)
    .ARM.Collect$$_printf_percent$$00000002  0x0800014a   Section        6  _printf_p.o(.ARM.Collect$$_printf_percent$$00000002)
    .ARM.Collect$$_printf_percent$$00000003  0x08000150   Section        6  _printf_f.o(.ARM.Collect$$_printf_percent$$00000003)
    .ARM.Collect$$_printf_percent$$00000004  0x08000156   Section        6  _printf_e.o(.ARM.Collect$$_printf_percent$$00000004)
    .ARM.Collect$$_printf_percent$$00000005  0x0800015c   Section        6  _printf_g.o(.ARM.Collect$$_printf_percent$$00000005)
    .ARM.Collect$$_printf_percent$$00000006  0x08000162   Section        6  _printf_a.o(.ARM.Collect$$_printf_percent$$00000006)
    .ARM.Collect$$_printf_percent$$00000007  0x08000168   Section       10  _printf_ll.o(.ARM.Collect$$_printf_percent$$00000007)
    .ARM.Collect$$_printf_percent$$00000008  0x08000172   Section        6  _printf_i.o(.ARM.Collect$$_printf_percent$$00000008)
    .ARM.Collect$$_printf_percent$$00000009  0x08000178   Section        6  _printf_d.o(.ARM.Collect$$_printf_percent$$00000009)
    .ARM.Collect$$_printf_percent$$0000000A  0x0800017e   Section        6  _printf_u.o(.ARM.Collect$$_printf_percent$$0000000A)
    .ARM.Collect$$_printf_percent$$0000000B  0x08000184   Section        6  _printf_o.o(.ARM.Collect$$_printf_percent$$0000000B)
    .ARM.Collect$$_printf_percent$$0000000C  0x0800018a   Section        6  _printf_x.o(.ARM.Collect$$_printf_percent$$0000000C)
    .ARM.Collect$$_printf_percent$$0000000D  0x08000190   Section        6  _printf_lli.o(.ARM.Collect$$_printf_percent$$0000000D)
    .ARM.Collect$$_printf_percent$$0000000E  0x08000196   Section        6  _printf_lld.o(.ARM.Collect$$_printf_percent$$0000000E)
    .ARM.Collect$$_printf_percent$$0000000F  0x0800019c   Section        6  _printf_llu.o(.ARM.Collect$$_printf_percent$$0000000F)
    .ARM.Collect$$_printf_percent$$00000010  0x080001a2   Section        6  _printf_llo.o(.ARM.Collect$$_printf_percent$$00000010)
    .ARM.Collect$$_printf_percent$$00000011  0x080001a8   Section        6  _printf_llx.o(.ARM.Collect$$_printf_percent$$00000011)
    .ARM.Collect$$_printf_percent$$00000012  0x080001ae   Section       10  _printf_l.o(.ARM.Collect$$_printf_percent$$00000012)
    .ARM.Collect$$_printf_percent$$00000013  0x080001b8   Section        6  _printf_c.o(.ARM.Collect$$_printf_percent$$00000013)
    .ARM.Collect$$_printf_percent$$00000014  0x080001be   Section        6  _printf_s.o(.ARM.Collect$$_printf_percent$$00000014)
    .ARM.Collect$$_printf_percent$$00000015  0x080001c4   Section        6  _printf_lc.o(.ARM.Collect$$_printf_percent$$00000015)
    .ARM.Collect$$_printf_percent$$00000016  0x080001ca   Section        6  _printf_ls.o(.ARM.Collect$$_printf_percent$$00000016)
    .ARM.Collect$$_printf_percent$$00000017  0x080001d0   Section        4  _printf_percent_end.o(.ARM.Collect$$_printf_percent$$00000017)
    .ARM.Collect$$libinit$$00000000          0x080001d4   Section        2  libinit.o(.ARM.Collect$$libinit$$00000000)
    .ARM.Collect$$libinit$$00000002          0x080001d6   Section        0  libinit2.o(.ARM.Collect$$libinit$$00000002)
    .ARM.Collect$$libinit$$00000004          0x080001d6   Section        0  libinit2.o(.ARM.Collect$$libinit$$00000004)
    .ARM.Collect$$libinit$$00000006          0x080001d6   Section        0  libinit2.o(.ARM.Collect$$libinit$$00000006)
    .ARM.Collect$$libinit$$0000000C          0x080001d6   Section        0  libinit2.o(.ARM.Collect$$libinit$$0000000C)
    .ARM.Collect$$libinit$$0000000E          0x080001d6   Section        0  libinit2.o(.ARM.Collect$$libinit$$0000000E)
    .ARM.Collect$$libinit$$00000010          0x080001d6   Section        0  libinit2.o(.ARM.Collect$$libinit$$00000010)
    .ARM.Collect$$libinit$$00000011          0x080001d6   Section        6  libinit2.o(.ARM.Collect$$libinit$$00000011)
    .ARM.Collect$$libinit$$00000013          0x080001dc   Section        0  libinit2.o(.ARM.Collect$$libinit$$00000013)
    .ARM.Collect$$libinit$$00000014          0x080001dc   Section       12  libinit2.o(.ARM.Collect$$libinit$$00000014)
    .ARM.Collect$$libinit$$00000015          0x080001e8   Section        0  libinit2.o(.ARM.Collect$$libinit$$00000015)
    .ARM.Collect$$libinit$$00000017          0x080001e8   Section        0  libinit2.o(.ARM.Collect$$libinit$$00000017)
    .ARM.Collect$$libinit$$00000018          0x080001e8   Section       10  libinit2.o(.ARM.Collect$$libinit$$00000018)
    .ARM.Collect$$libinit$$00000019          0x080001f2   Section        0  libinit2.o(.ARM.Collect$$libinit$$00000019)
    .ARM.Collect$$libinit$$0000001B          0x080001f2   Section        0  libinit2.o(.ARM.Collect$$libinit$$0000001B)
    .ARM.Collect$$libinit$$0000001D          0x080001f2   Section        0  libinit2.o(.ARM.Collect$$libinit$$0000001D)
    .ARM.Collect$$libinit$$0000001F          0x080001f2   Section        0  libinit2.o(.ARM.Collect$$libinit$$0000001F)
    .ARM.Collect$$libinit$$00000021          0x080001f2   Section        0  libinit2.o(.ARM.Collect$$libinit$$00000021)
    .ARM.Collect$$libinit$$00000023          0x080001f2   Section        0  libinit2.o(.ARM.Collect$$libinit$$00000023)
    .ARM.Collect$$libinit$$00000025          0x080001f2   Section        0  libinit2.o(.ARM.Collect$$libinit$$00000025)
    .ARM.Collect$$libinit$$00000027          0x080001f2   Section        0  libinit2.o(.ARM.Collect$$libinit$$00000027)
    .ARM.Collect$$libinit$$0000002E          0x080001f2   Section        0  libinit2.o(.ARM.Collect$$libinit$$0000002E)
    .ARM.Collect$$libinit$$00000030          0x080001f2   Section        0  libinit2.o(.ARM.Collect$$libinit$$00000030)
    .ARM.Collect$$libinit$$00000032          0x080001f2   Section        0  libinit2.o(.ARM.Collect$$libinit$$00000032)
    .ARM.Collect$$libinit$$00000034          0x080001f2   Section        0  libinit2.o(.ARM.Collect$$libinit$$00000034)
    .ARM.Collect$$libinit$$00000035          0x080001f2   Section        2  libinit2.o(.ARM.Collect$$libinit$$00000035)
    .ARM.Collect$$libshutdown$$00000000      0x080001f4   Section        2  libshutdown.o(.ARM.Collect$$libshutdown$$00000000)
    .ARM.Collect$$libshutdown$$00000002      0x080001f6   Section        0  libshutdown2.o(.ARM.Collect$$libshutdown$$00000002)
    .ARM.Collect$$libshutdown$$00000004      0x080001f6   Section        0  libshutdown2.o(.ARM.Collect$$libshutdown$$00000004)
    .ARM.Collect$$libshutdown$$00000007      0x080001f6   Section        0  libshutdown2.o(.ARM.Collect$$libshutdown$$00000007)
    .ARM.Collect$$libshutdown$$0000000A      0x080001f6   Section        0  libshutdown2.o(.ARM.Collect$$libshutdown$$0000000A)
    .ARM.Collect$$libshutdown$$0000000C      0x080001f6   Section        0  libshutdown2.o(.ARM.Collect$$libshutdown$$0000000C)
    .ARM.Collect$$libshutdown$$0000000F      0x080001f6   Section        0  libshutdown2.o(.ARM.Collect$$libshutdown$$0000000F)
    .ARM.Collect$$libshutdown$$00000010      0x080001f6   Section        2  libshutdown2.o(.ARM.Collect$$libshutdown$$00000010)
    .ARM.Collect$$rtentry$$00000000          0x080001f8   Section        0  __rtentry.o(.ARM.Collect$$rtentry$$00000000)
    .ARM.Collect$$rtentry$$00000002          0x080001f8   Section        0  __rtentry2.o(.ARM.Collect$$rtentry$$00000002)
    .ARM.Collect$$rtentry$$00000004          0x080001f8   Section        6  __rtentry4.o(.ARM.Collect$$rtentry$$00000004)
    .ARM.Collect$$rtentry$$00000009          0x080001fe   Section        0  __rtentry2.o(.ARM.Collect$$rtentry$$00000009)
    .ARM.Collect$$rtentry$$0000000A          0x080001fe   Section        4  __rtentry2.o(.ARM.Collect$$rtentry$$0000000A)
    .ARM.Collect$$rtentry$$0000000C          0x08000202   Section        0  __rtentry2.o(.ARM.Collect$$rtentry$$0000000C)
    .ARM.Collect$$rtentry$$0000000D          0x08000202   Section        8  __rtentry2.o(.ARM.Collect$$rtentry$$0000000D)
    .ARM.Collect$$rtexit$$00000000           0x0800020a   Section        2  rtexit.o(.ARM.Collect$$rtexit$$00000000)
    .ARM.Collect$$rtexit$$00000002           0x0800020c   Section        0  rtexit2.o(.ARM.Collect$$rtexit$$00000002)
    .ARM.Collect$$rtexit$$00000003           0x0800020c   Section        4  rtexit2.o(.ARM.Collect$$rtexit$$00000003)
    .ARM.Collect$$rtexit$$00000004           0x08000210   Section        6  rtexit2.o(.ARM.Collect$$rtexit$$00000004)
    .text                                    0x08000218   Section       64  startup_stm32f10x_md.o(.text)
    .text                                    0x08000258   Section        0  sprintf.o(.text)
    .text                                    0x08000284   Section        0  heapauxi.o(.text)
    .text                                    0x0800028a   Section        0  _printf_pad.o(.text)
    .text                                    0x080002d8   Section        0  _printf_truncate.o(.text)
    .text                                    0x080002fc   Section        0  _printf_str.o(.text)
    .text                                    0x08000350   Section        0  _printf_dec.o(.text)
    .text                                    0x080003c8   Section        0  _printf_charcount.o(.text)
    _printf_input_char                       0x080003f1   Thumb Code    10  _printf_char_common.o(.text)
    .text                                    0x080003f0   Section        0  _printf_char_common.o(.text)
    .text                                    0x08000420   Section        0  _sputc.o(.text)
    .text                                    0x0800042c   Section        0  _printf_wctomb.o(.text)
    .text                                    0x080004e8   Section        0  _printf_longlong_dec.o(.text)
    _printf_longlong_oct_internal            0x08000565   Thumb Code     0  _printf_oct_int_ll.o(.text)
    .text                                    0x08000564   Section        0  _printf_oct_int_ll.o(.text)
    _printf_hex_common                       0x080005d5   Thumb Code     0  _printf_hex_int_ll_ptr.o(.text)
    .text                                    0x080005d4   Section        0  _printf_hex_int_ll_ptr.o(.text)
    .text                                    0x08000668   Section        0  __printf_flags_ss_wp.o(.text)
    .text                                    0x080007f0   Section      138  lludiv10.o(.text)
    .text                                    0x0800087a   Section        0  _printf_intcommon.o(.text)
    _fp_digits                               0x0800092d   Thumb Code   432  _printf_fp_dec.o(.text)
    .text                                    0x0800092c   Section        0  _printf_fp_dec.o(.text)
    .text                                    0x08000d48   Section        0  _printf_fp_hex.o(.text)
    .text                                    0x08001044   Section        0  _printf_char.o(.text)
    .text                                    0x08001070   Section        0  _printf_wchar.o(.text)
    .text                                    0x0800109c   Section        0  _c16rtomb.o(.text)
    .text                                    0x080010e4   Section       74  sys_stackheap_outer.o(.text)
    .text                                    0x08001130   Section       16  rt_ctype_table.o(.text)
    .text                                    0x08001140   Section        8  rt_locale_intlibspace.o(.text)
    .text                                    0x08001148   Section        0  _printf_fp_infnan.o(.text)
    .text                                    0x080011c8   Section        0  bigflt0.o(.text)
    .text                                    0x080012ac   Section        0  exit.o(.text)
    .text                                    0x080012c0   Section        8  libspace.o(.text)
    .text                                    0x080012c8   Section      128  strcmpv7m.o(.text)
    .text                                    0x08001348   Section        0  sys_exit.o(.text)
    .text                                    0x08001354   Section        2  use_no_semi.o(.text)
    .text                                    0x08001356   Section        0  indicate_semi.o(.text)
    [Anonymous Symbol]                       0x08001358   Section        0  stm32f10x_gpio.o(.text.GPIO_ReadInputDataBit)
    SetSysClock                              0x0800138d   Thumb Code     8  system_stm32f10x.o(.text.SetSysClock)
    [Anonymous Symbol]                       0x0800138c   Section        0  system_stm32f10x.o(.text.SetSysClock)
    SetSysClockTo72                          0x08001395   Thumb Code   290  system_stm32f10x.o(.text.SetSysClockTo72)
    [Anonymous Symbol]                       0x08001394   Section        0  system_stm32f10x.o(.text.SetSysClockTo72)
    [Anonymous Symbol]                       0x080014b8   Section        0  os.o(.text.SysTick_Handler)
    [Anonymous Symbol]                       0x080014c8   Section        0  system_stm32f10x.o(.text.SystemInit)
    [Anonymous Symbol]                       0x08001530   Section        0  uart1.o(.text.USART1_IRQHandler)
    [Anonymous Symbol]                       0x0800157c   Section        0  uart3.o(.text.USART3_IRQHandler)
    [Anonymous Symbol]                       0x080015c8   Section        0  main.o(.text._Z10ADC_selectss)
    [Anonymous Symbol]                       0x0800163c   Section        0  uart1.o(.text._Z10uart1_sendPKci)
    [Anonymous Symbol]                       0x08001698   Section        0  os.o(.text._Z10uart3_sendc)
    [Anonymous Symbol]                       0x080016d8   Section        0  os.o(.text._Z4getVv)
    [Anonymous Symbol]                       0x080016e8   Section        0  os.o(.text._Z4getXv)
    [Anonymous Symbol]                       0x080016f8   Section        0  os.o(.text._Z4getYv)
    [Anonymous Symbol]                       0x08001708   Section        0  os.o(.text._Z4initv)
    SysTick_Config(unsigned int)             0x0800188d   Thumb Code    82  os.o(.text._ZL14SysTick_Configj)
    [Anonymous Symbol]                       0x0800188c   Section        0  os.o(.text._ZL14SysTick_Configj)
    __NVIC_EnableIRQ(IRQn)                   0x080018e1   Thumb Code    48  os.o(.text._ZL16__NVIC_EnableIRQ4IRQn)
    [Anonymous Symbol]                       0x080018e0   Section        0  os.o(.text._ZL16__NVIC_EnableIRQ4IRQn)
    __NVIC_SetPriority(IRQn, unsigned int)   0x08001911   Thumb Code    66  os.o(.text._ZL18__NVIC_SetPriority4IRQnj)
    [Anonymous Symbol]                       0x08001910   Section        0  os.o(.text._ZL18__NVIC_SetPriority4IRQnj)
    (anonymous namespace)::getC(char&)       0x08001955   Thumb Code   144  uart1.o(.text._ZN12_GLOBAL__N_14getCERc)
    [Anonymous Symbol]                       0x08001954   Section        0  uart1.o(.text._ZN12_GLOBAL__N_14getCERc)
    (anonymous namespace)::getC(char&)       0x080019e5   Thumb Code   144  uart3.o(.text._ZN12_GLOBAL__N_14getCERc)
    [Anonymous Symbol]                       0x080019e4   Section        0  uart3.o(.text._ZN12_GLOBAL__N_14getCERc)
    [Anonymous Symbol]                       0x08001a74   Section        0  main.o(.text.main)
    CL$$btod_d2e                             0x08001b76   Section       62  btod.o(CL$$btod_d2e)
    CL$$btod_d2e_denorm_low                  0x08001bb4   Section       70  btod.o(CL$$btod_d2e_denorm_low)
    CL$$btod_d2e_norm_op1                    0x08001bfa   Section       96  btod.o(CL$$btod_d2e_norm_op1)
    CL$$btod_div_common                      0x08001c5c   Section      824  btod.o(CL$$btod_div_common)
    CL$$btod_e2e                             0x08001f94   Section      220  btod.o(CL$$btod_e2e)
    CL$$btod_ediv                            0x08002070   Section       42  btod.o(CL$$btod_ediv)
    CL$$btod_emul                            0x0800209a   Section       42  btod.o(CL$$btod_emul)
    CL$$btod_mult_common                     0x080020c4   Section      580  btod.o(CL$$btod_mult_common)
    i.__ARM_fpclassify                       0x08002308   Section        0  fpclassify.o(i.__ARM_fpclassify)
    i._is_digit                              0x08002330   Section        0  __printf_wp.o(i._is_digit)
    locale$$code                             0x08002340   Section       44  lc_numeric_c.o(locale$$code)
    locale$$code                             0x0800236c   Section       44  lc_ctype_c.o(locale$$code)
    x$fpl$printf1                            0x08002398   Section        4  printf1.o(x$fpl$printf1)
    x$fpl$printf2                            0x0800239c   Section        4  printf2.o(x$fpl$printf2)
    initial_mbstate                          0x080023a0   Data           8  _printf_wctomb.o(.constdata)
    .constdata                               0x080023a0   Section        8  _printf_wctomb.o(.constdata)
    x$fpl$usenofp                            0x080023a0   Section        0  usenofp.o(x$fpl$usenofp)
    uc_hextab                                0x080023a8   Data          20  _printf_hex_int_ll_ptr.o(.constdata)
    .constdata                               0x080023a8   Section       40  _printf_hex_int_ll_ptr.o(.constdata)
    lc_hextab                                0x080023bc   Data          20  _printf_hex_int_ll_ptr.o(.constdata)
    maptable                                 0x080023d0   Data          17  __printf_flags_ss_wp.o(.constdata)
    .constdata                               0x080023d0   Section       17  __printf_flags_ss_wp.o(.constdata)
    lc_hextab                                0x080023e1   Data          19  _printf_fp_hex.o(.constdata)
    .constdata                               0x080023e1   Section       38  _printf_fp_hex.o(.constdata)
    uc_hextab                                0x080023f4   Data          19  _printf_fp_hex.o(.constdata)
    tenpwrs_x                                0x08002408   Data          60  bigflt0.o(.constdata)
    .constdata                               0x08002408   Section      148  bigflt0.o(.constdata)
    tenpwrs_i                                0x08002444   Data          64  bigflt0.o(.constdata)
    .L.str                                   0x0800249c   Data          23  main.o(.rodata.str1.1)
    [Anonymous Symbol]                       0x0800249c   Section        0  main.o(.rodata.str1.1)
    locale$$data                             0x080024c4   Section       28  lc_numeric_c.o(locale$$data)
    __lcnum_c_name                           0x080024c8   Data           2  lc_numeric_c.o(locale$$data)
    __lcnum_c_start                          0x080024d0   Data           0  lc_numeric_c.o(locale$$data)
    __lcnum_c_point                          0x080024dc   Data           0  lc_numeric_c.o(locale$$data)
    __lcnum_c_thousands                      0x080024de   Data           0  lc_numeric_c.o(locale$$data)
    __lcnum_c_grouping                       0x080024df   Data           0  lc_numeric_c.o(locale$$data)
    __lcnum_c_end                            0x080024e0   Data           0  lc_numeric_c.o(locale$$data)
    locale$$data                             0x080024e0   Section      272  lc_ctype_c.o(locale$$data)
    __lcctype_c_name                         0x080024e4   Data           2  lc_ctype_c.o(locale$$data)
    __lcctype_c_start                        0x080024ec   Data           0  lc_ctype_c.o(locale$$data)
    __lcctype_c_end                          0x080025f0   Data           0  lc_ctype_c.o(locale$$data)
    .bss                                     0x20000000   Section       96  libspace.o(.bss)
    (anonymous namespace)::ptr               0x20000060   Data           4  uart1.o(.bss._ZN12_GLOBAL__N_13ptrE)
    [Anonymous Symbol]                       0x20000060   Section        0  uart1.o(.bss._ZN12_GLOBAL__N_13ptrE)
    (anonymous namespace)::ptr               0x20000064   Data           4  uart3.o(.bss._ZN12_GLOBAL__N_13ptrE)
    [Anonymous Symbol]                       0x20000064   Section        0  uart3.o(.bss._ZN12_GLOBAL__N_13ptrE)
    (anonymous namespace)::ADCs              0x20000068   Data           6  os.o(.bss._ZN12_GLOBAL__N_14ADCsE)
    [Anonymous Symbol]                       0x20000068   Section        0  os.o(.bss._ZN12_GLOBAL__N_14ADCsE)
    (anonymous namespace)::tick              0x20000070   Data           4  os.o(.bss._ZN12_GLOBAL__N_14tickE)
    [Anonymous Symbol]                       0x20000070   Section        0  os.o(.bss._ZN12_GLOBAL__N_14tickE)
    (anonymous namespace)::count             0x20000074   Data           4  uart1.o(.bss._ZN12_GLOBAL__N_15countE)
    [Anonymous Symbol]                       0x20000074   Section        0  uart1.o(.bss._ZN12_GLOBAL__N_15countE)
    (anonymous namespace)::count             0x20000078   Data           4  uart3.o(.bss._ZN12_GLOBAL__N_15countE)
    [Anonymous Symbol]                       0x20000078   Section        0  uart3.o(.bss._ZN12_GLOBAL__N_15countE)
    Heap_Mem                                 0x200000b0   Data         512  startup_stm32f10x_md.o(HEAP)
    HEAP                                     0x200000b0   Section      512  startup_stm32f10x_md.o(HEAP)
    Stack_Mem                                0x200002b0   Data        1024  startup_stm32f10x_md.o(STACK)
    STACK                                    0x200002b0   Section     1024  startup_stm32f10x_md.o(STACK)
    __initial_sp                             0x200006b0   Data           0  startup_stm32f10x_md.o(STACK)

    Global Symbols

    Symbol Name                              Value     Ov Type        Size  Object(Section)

    BuildAttributes$$THM_ISAv4$P$D$K$B$S$PE$A:L22UL41UL21$X:L11$S22US41US21$IEEE1$IW$~IW$USESV6$~STKCKD$USESV7$~SHL$OTIME$ROPI$IEEEJ$EBA8$UX$STANDARDLIB$REQ8$PRES8$EABIv2 0x00000000   Number         0  anon$$obj.o ABSOLUTE
    __fp_init_empty                          0x00000000   Number         0  fpinit_empty.o ABSOLUTE
    _printf_flags                            0x00000000   Number         0  printf_stubs.o ABSOLUTE
    _printf_return_value                     0x00000000   Number         0  printf_stubs.o ABSOLUTE
    _printf_sizespec                         0x00000000   Number         0  printf_stubs.o ABSOLUTE
    _printf_widthprec                        0x00000000   Number         0  printf_stubs.o ABSOLUTE
    __ARM_exceptions_init                     - Undefined Weak Reference
    __alloca_initialize                       - Undefined Weak Reference
    __arm_preinit_                            - Undefined Weak Reference
    __arm_relocate_pie_                       - Undefined Weak Reference
    __cpp_initialize__aeabi_                  - Undefined Weak Reference
    __cxa_finalize                            - Undefined Weak Reference
    __sigvec_lookup                           - Undefined Weak Reference
    _atexit_init                              - Undefined Weak Reference
    _call_atexit_fns                          - Undefined Weak Reference
    _clock_init                               - Undefined Weak Reference
    _fp_trap_init                             - Undefined Weak Reference
    _fp_trap_shutdown                         - Undefined Weak Reference
    _get_lc_collate                           - Undefined Weak Reference
    _get_lc_monetary                          - Undefined Weak Reference
    _get_lc_time                              - Undefined Weak Reference
    _getenv_init                              - Undefined Weak Reference
    _handle_redirection                       - Undefined Weak Reference
    _init_alloc                               - Undefined Weak Reference
    _init_user_alloc                          - Undefined Weak Reference
    _initio                                   - Undefined Weak Reference
    _printf_mbtowc                            - Undefined Weak Reference
    _printf_wc                                - Undefined Weak Reference
    _rand_init                                - Undefined Weak Reference
    _signal_finish                            - Undefined Weak Reference
    _signal_init                              - Undefined Weak Reference
    _terminate_alloc                          - Undefined Weak Reference
    _terminate_user_alloc                     - Undefined Weak Reference
    _terminateio                              - Undefined Weak Reference
    __Vectors_Size                           0x000000ec   Number         0  startup_stm32f10x_md.o ABSOLUTE
    __Vectors                                0x08000000   Data           4  startup_stm32f10x_md.o(RESET)
    __Vectors_End                            0x080000ec   Data           0  startup_stm32f10x_md.o(RESET)
    __main                                   0x080000ed   Thumb Code     8  __main.o(!!!main)
    __scatterload                            0x080000f5   Thumb Code     0  __scatter.o(!!!scatter)
    __scatterload_rt2                        0x080000f5   Thumb Code    44  __scatter.o(!!!scatter)
    __scatterload_rt2_thumb_only             0x080000f5   Thumb Code     0  __scatter.o(!!!scatter)
    __scatterload_null                       0x08000103   Thumb Code     0  __scatter.o(!!!scatter)
    __scatterload_zeroinit                   0x08000129   Thumb Code    28  __scatter_zi.o(!!handler_zi)
    _printf_n                                0x08000145   Thumb Code     0  _printf_n.o(.ARM.Collect$$_printf_percent$$00000001)
    _printf_percent                          0x08000145   Thumb Code     0  _printf_percent.o(.ARM.Collect$$_printf_percent$$00000000)
    _printf_p                                0x0800014b   Thumb Code     0  _printf_p.o(.ARM.Collect$$_printf_percent$$00000002)
    _printf_f                                0x08000151   Thumb Code     0  _printf_f.o(.ARM.Collect$$_printf_percent$$00000003)
    _printf_e                                0x08000157   Thumb Code     0  _printf_e.o(.ARM.Collect$$_printf_percent$$00000004)
    _printf_g                                0x0800015d   Thumb Code     0  _printf_g.o(.ARM.Collect$$_printf_percent$$00000005)
    _printf_a                                0x08000163   Thumb Code     0  _printf_a.o(.ARM.Collect$$_printf_percent$$00000006)
    _printf_ll                               0x08000169   Thumb Code     0  _printf_ll.o(.ARM.Collect$$_printf_percent$$00000007)
    _printf_i                                0x08000173   Thumb Code     0  _printf_i.o(.ARM.Collect$$_printf_percent$$00000008)
    _printf_d                                0x08000179   Thumb Code     0  _printf_d.o(.ARM.Collect$$_printf_percent$$00000009)
    _printf_u                                0x0800017f   Thumb Code     0  _printf_u.o(.ARM.Collect$$_printf_percent$$0000000A)
    _printf_o                                0x08000185   Thumb Code     0  _printf_o.o(.ARM.Collect$$_printf_percent$$0000000B)
    _printf_x                                0x0800018b   Thumb Code     0  _printf_x.o(.ARM.Collect$$_printf_percent$$0000000C)
    _printf_lli                              0x08000191   Thumb Code     0  _printf_lli.o(.ARM.Collect$$_printf_percent$$0000000D)
    _printf_lld                              0x08000197   Thumb Code     0  _printf_lld.o(.ARM.Collect$$_printf_percent$$0000000E)
    _printf_llu                              0x0800019d   Thumb Code     0  _printf_llu.o(.ARM.Collect$$_printf_percent$$0000000F)
    _printf_llo                              0x080001a3   Thumb Code     0  _printf_llo.o(.ARM.Collect$$_printf_percent$$00000010)
    _printf_llx                              0x080001a9   Thumb Code     0  _printf_llx.o(.ARM.Collect$$_printf_percent$$00000011)
    _printf_l                                0x080001af   Thumb Code     0  _printf_l.o(.ARM.Collect$$_printf_percent$$00000012)
    _printf_c                                0x080001b9   Thumb Code     0  _printf_c.o(.ARM.Collect$$_printf_percent$$00000013)
    _printf_s                                0x080001bf   Thumb Code     0  _printf_s.o(.ARM.Collect$$_printf_percent$$00000014)
    _printf_lc                               0x080001c5   Thumb Code     0  _printf_lc.o(.ARM.Collect$$_printf_percent$$00000015)
    _printf_ls                               0x080001cb   Thumb Code     0  _printf_ls.o(.ARM.Collect$$_printf_percent$$00000016)
    _printf_percent_end                      0x080001d1   Thumb Code     0  _printf_percent_end.o(.ARM.Collect$$_printf_percent$$00000017)
    __rt_lib_init                            0x080001d5   Thumb Code     0  libinit.o(.ARM.Collect$$libinit$$00000000)
    __rt_lib_init_fp_1                       0x080001d7   Thumb Code     0  libinit2.o(.ARM.Collect$$libinit$$00000002)
    __rt_lib_init_heap_1                     0x080001d7   Thumb Code     0  libinit2.o(.ARM.Collect$$libinit$$0000000C)
    __rt_lib_init_lc_common                  0x080001d7   Thumb Code     0  libinit2.o(.ARM.Collect$$libinit$$00000011)
    __rt_lib_init_preinit_1                  0x080001d7   Thumb Code     0  libinit2.o(.ARM.Collect$$libinit$$00000006)
    __rt_lib_init_rand_1                     0x080001d7   Thumb Code     0  libinit2.o(.ARM.Collect$$libinit$$00000010)
    __rt_lib_init_relocate_pie_1             0x080001d7   Thumb Code     0  libinit2.o(.ARM.Collect$$libinit$$00000004)
    __rt_lib_init_user_alloc_1               0x080001d7   Thumb Code     0  libinit2.o(.ARM.Collect$$libinit$$0000000E)
    __rt_lib_init_lc_collate_1               0x080001dd   Thumb Code     0  libinit2.o(.ARM.Collect$$libinit$$00000013)
    __rt_lib_init_lc_ctype_2                 0x080001dd   Thumb Code     0  libinit2.o(.ARM.Collect$$libinit$$00000014)
    __rt_lib_init_lc_ctype_1                 0x080001e9   Thumb Code     0  libinit2.o(.ARM.Collect$$libinit$$00000015)
    __rt_lib_init_lc_monetary_1              0x080001e9   Thumb Code     0  libinit2.o(.ARM.Collect$$libinit$$00000017)
    __rt_lib_init_lc_numeric_2               0x080001e9   Thumb Code     0  libinit2.o(.ARM.Collect$$libinit$$00000018)
    __rt_lib_init_alloca_1                   0x080001f3   Thumb Code     0  libinit2.o(.ARM.Collect$$libinit$$00000030)
    __rt_lib_init_argv_1                     0x080001f3   Thumb Code     0  libinit2.o(.ARM.Collect$$libinit$$0000002E)
    __rt_lib_init_atexit_1                   0x080001f3   Thumb Code     0  libinit2.o(.ARM.Collect$$libinit$$0000001D)
    __rt_lib_init_clock_1                    0x080001f3   Thumb Code     0  libinit2.o(.ARM.Collect$$libinit$$00000023)
    __rt_lib_init_cpp_1                      0x080001f3   Thumb Code     0  libinit2.o(.ARM.Collect$$libinit$$00000034)
    __rt_lib_init_exceptions_1               0x080001f3   Thumb Code     0  libinit2.o(.ARM.Collect$$libinit$$00000032)
    __rt_lib_init_fp_trap_1                  0x080001f3   Thumb Code     0  libinit2.o(.ARM.Collect$$libinit$$00000021)
    __rt_lib_init_getenv_1                   0x080001f3   Thumb Code     0  libinit2.o(.ARM.Collect$$libinit$$00000025)
    __rt_lib_init_lc_numeric_1               0x080001f3   Thumb Code     0  libinit2.o(.ARM.Collect$$libinit$$00000019)
    __rt_lib_init_lc_time_1                  0x080001f3   Thumb Code     0  libinit2.o(.ARM.Collect$$libinit$$0000001B)
    __rt_lib_init_return                     0x080001f3   Thumb Code     0  libinit2.o(.ARM.Collect$$libinit$$00000035)
    __rt_lib_init_signal_1                   0x080001f3   Thumb Code     0  libinit2.o(.ARM.Collect$$libinit$$0000001F)
    __rt_lib_init_stdio_1                    0x080001f3   Thumb Code     0  libinit2.o(.ARM.Collect$$libinit$$00000027)
    __rt_lib_shutdown                        0x080001f5   Thumb Code     0  libshutdown.o(.ARM.Collect$$libshutdown$$00000000)
    __rt_lib_shutdown_cpp_1                  0x080001f7   Thumb Code     0  libshutdown2.o(.ARM.Collect$$libshutdown$$00000002)
    __rt_lib_shutdown_fp_trap_1              0x080001f7   Thumb Code     0  libshutdown2.o(.ARM.Collect$$libshutdown$$00000007)
    __rt_lib_shutdown_heap_1                 0x080001f7   Thumb Code     0  libshutdown2.o(.ARM.Collect$$libshutdown$$0000000F)
    __rt_lib_shutdown_return                 0x080001f7   Thumb Code     0  libshutdown2.o(.ARM.Collect$$libshutdown$$00000010)
    __rt_lib_shutdown_signal_1               0x080001f7   Thumb Code     0  libshutdown2.o(.ARM.Collect$$libshutdown$$0000000A)
    __rt_lib_shutdown_stdio_1                0x080001f7   Thumb Code     0  libshutdown2.o(.ARM.Collect$$libshutdown$$00000004)
    __rt_lib_shutdown_user_alloc_1           0x080001f7   Thumb Code     0  libshutdown2.o(.ARM.Collect$$libshutdown$$0000000C)
    __rt_entry                               0x080001f9   Thumb Code     0  __rtentry.o(.ARM.Collect$$rtentry$$00000000)
    __rt_entry_presh_1                       0x080001f9   Thumb Code     0  __rtentry2.o(.ARM.Collect$$rtentry$$00000002)
    __rt_entry_sh                            0x080001f9   Thumb Code     0  __rtentry4.o(.ARM.Collect$$rtentry$$00000004)
    __rt_entry_li                            0x080001ff   Thumb Code     0  __rtentry2.o(.ARM.Collect$$rtentry$$0000000A)
    __rt_entry_postsh_1                      0x080001ff   Thumb Code     0  __rtentry2.o(.ARM.Collect$$rtentry$$00000009)
    __rt_entry_main                          0x08000203   Thumb Code     0  __rtentry2.o(.ARM.Collect$$rtentry$$0000000D)
    __rt_entry_postli_1                      0x08000203   Thumb Code     0  __rtentry2.o(.ARM.Collect$$rtentry$$0000000C)
    __rt_exit                                0x0800020b   Thumb Code     0  rtexit.o(.ARM.Collect$$rtexit$$00000000)
    __rt_exit_ls                             0x0800020d   Thumb Code     0  rtexit2.o(.ARM.Collect$$rtexit$$00000003)
    __rt_exit_prels_1                        0x0800020d   Thumb Code     0  rtexit2.o(.ARM.Collect$$rtexit$$00000002)
    __rt_exit_exit                           0x08000211   Thumb Code     0  rtexit2.o(.ARM.Collect$$rtexit$$00000004)
    Reset_Handler                            0x08000219   Thumb Code     8  startup_stm32f10x_md.o(.text)
    NMI_Handler                              0x08000221   Thumb Code     2  startup_stm32f10x_md.o(.text)
    HardFault_Handler                        0x08000223   Thumb Code     2  startup_stm32f10x_md.o(.text)
    MemManage_Handler                        0x08000225   Thumb Code     2  startup_stm32f10x_md.o(.text)
    BusFault_Handler                         0x08000227   Thumb Code     2  startup_stm32f10x_md.o(.text)
    UsageFault_Handler                       0x08000229   Thumb Code     2  startup_stm32f10x_md.o(.text)
    SVC_Handler                              0x0800022b   Thumb Code     2  startup_stm32f10x_md.o(.text)
    DebugMon_Handler                         0x0800022d   Thumb Code     2  startup_stm32f10x_md.o(.text)
    PendSV_Handler                           0x0800022f   Thumb Code     2  startup_stm32f10x_md.o(.text)
    ADC1_2_IRQHandler                        0x08000233   Thumb Code     0  startup_stm32f10x_md.o(.text)
    CAN1_RX1_IRQHandler                      0x08000233   Thumb Code     0  startup_stm32f10x_md.o(.text)
    CAN1_SCE_IRQHandler                      0x08000233   Thumb Code     0  startup_stm32f10x_md.o(.text)
    DMA1_Channel1_IRQHandler                 0x08000233   Thumb Code     0  startup_stm32f10x_md.o(.text)
    DMA1_Channel2_IRQHandler                 0x08000233   Thumb Code     0  startup_stm32f10x_md.o(.text)
    DMA1_Channel3_IRQHandler                 0x08000233   Thumb Code     0  startup_stm32f10x_md.o(.text)
    DMA1_Channel4_IRQHandler                 0x08000233   Thumb Code     0  startup_stm32f10x_md.o(.text)
    DMA1_Channel5_IRQHandler                 0x08000233   Thumb Code     0  startup_stm32f10x_md.o(.text)
    DMA1_Channel6_IRQHandler                 0x08000233   Thumb Code     0  startup_stm32f10x_md.o(.text)
    DMA1_Channel7_IRQHandler                 0x08000233   Thumb Code     0  startup_stm32f10x_md.o(.text)
    EXTI0_IRQHandler                         0x08000233   Thumb Code     0  startup_stm32f10x_md.o(.text)
    EXTI15_10_IRQHandler                     0x08000233   Thumb Code     0  startup_stm32f10x_md.o(.text)
    EXTI1_IRQHandler                         0x08000233   Thumb Code     0  startup_stm32f10x_md.o(.text)
    EXTI2_IRQHandler                         0x08000233   Thumb Code     0  startup_stm32f10x_md.o(.text)
    EXTI3_IRQHandler                         0x08000233   Thumb Code     0  startup_stm32f10x_md.o(.text)
    EXTI4_IRQHandler                         0x08000233   Thumb Code     0  startup_stm32f10x_md.o(.text)
    EXTI9_5_IRQHandler                       0x08000233   Thumb Code     0  startup_stm32f10x_md.o(.text)
    FLASH_IRQHandler                         0x08000233   Thumb Code     0  startup_stm32f10x_md.o(.text)
    I2C1_ER_IRQHandler                       0x08000233   Thumb Code     0  startup_stm32f10x_md.o(.text)
    I2C1_EV_IRQHandler                       0x08000233   Thumb Code     0  startup_stm32f10x_md.o(.text)
    I2C2_ER_IRQHandler                       0x08000233   Thumb Code     0  startup_stm32f10x_md.o(.text)
    I2C2_EV_IRQHandler                       0x08000233   Thumb Code     0  startup_stm32f10x_md.o(.text)
    PVD_IRQHandler                           0x08000233   Thumb Code     0  startup_stm32f10x_md.o(.text)
    RCC_IRQHandler                           0x08000233   Thumb Code     0  startup_stm32f10x_md.o(.text)
    RTCAlarm_IRQHandler                      0x08000233   Thumb Code     0  startup_stm32f10x_md.o(.text)
    RTC_IRQHandler                           0x08000233   Thumb Code     0  startup_stm32f10x_md.o(.text)
    SPI1_IRQHandler                          0x08000233   Thumb Code     0  startup_stm32f10x_md.o(.text)
    SPI2_IRQHandler                          0x08000233   Thumb Code     0  startup_stm32f10x_md.o(.text)
    TAMPER_IRQHandler                        0x08000233   Thumb Code     0  startup_stm32f10x_md.o(.text)
    TIM1_BRK_IRQHandler                      0x08000233   Thumb Code     0  startup_stm32f10x_md.o(.text)
    TIM1_CC_IRQHandler                       0x08000233   Thumb Code     0  startup_stm32f10x_md.o(.text)
    TIM1_TRG_COM_IRQHandler                  0x08000233   Thumb Code     0  startup_stm32f10x_md.o(.text)
    TIM1_UP_IRQHandler                       0x08000233   Thumb Code     0  startup_stm32f10x_md.o(.text)
    TIM2_IRQHandler                          0x08000233   Thumb Code     0  startup_stm32f10x_md.o(.text)
    TIM3_IRQHandler                          0x08000233   Thumb Code     0  startup_stm32f10x_md.o(.text)
    TIM4_IRQHandler                          0x08000233   Thumb Code     0  startup_stm32f10x_md.o(.text)
    USART2_IRQHandler                        0x08000233   Thumb Code     0  startup_stm32f10x_md.o(.text)
    USBWakeUp_IRQHandler                     0x08000233   Thumb Code     0  startup_stm32f10x_md.o(.text)
    USB_HP_CAN1_TX_IRQHandler                0x08000233   Thumb Code     0  startup_stm32f10x_md.o(.text)
    USB_LP_CAN1_RX0_IRQHandler               0x08000233   Thumb Code     0  startup_stm32f10x_md.o(.text)
    WWDG_IRQHandler                          0x08000233   Thumb Code     0  startup_stm32f10x_md.o(.text)
    __user_initial_stackheap                 0x08000235   Thumb Code     0  startup_stm32f10x_md.o(.text)
    sprintf                                  0x08000259   Thumb Code    38  sprintf.o(.text)
    __use_two_region_memory                  0x08000285   Thumb Code     2  heapauxi.o(.text)
    __rt_heap_escrow$2region                 0x08000287   Thumb Code     2  heapauxi.o(.text)
    __rt_heap_expand$2region                 0x08000289   Thumb Code     2  heapauxi.o(.text)
    _printf_pre_padding                      0x0800028b   Thumb Code    44  _printf_pad.o(.text)
    _printf_post_padding                     0x080002b7   Thumb Code    34  _printf_pad.o(.text)
    _printf_truncate_signed                  0x080002d9   Thumb Code    18  _printf_truncate.o(.text)
    _printf_truncate_unsigned                0x080002eb   Thumb Code    18  _printf_truncate.o(.text)
    _printf_str                              0x080002fd   Thumb Code    82  _printf_str.o(.text)
    _printf_int_dec                          0x08000351   Thumb Code   104  _printf_dec.o(.text)
    _printf_charcount                        0x080003c9   Thumb Code    40  _printf_charcount.o(.text)
    _printf_char_common                      0x080003fb   Thumb Code    32  _printf_char_common.o(.text)
    _sputc                                   0x08000421   Thumb Code    10  _sputc.o(.text)
    _printf_wctomb                           0x0800042d   Thumb Code   182  _printf_wctomb.o(.text)
    _printf_longlong_dec                     0x080004e9   Thumb Code   108  _printf_longlong_dec.o(.text)
    _printf_longlong_oct                     0x08000565   Thumb Code    68  _printf_oct_int_ll.o(.text)
    _printf_int_oct                          0x080005a9   Thumb Code    24  _printf_oct_int_ll.o(.text)
    _printf_ll_oct                           0x080005c1   Thumb Code    12  _printf_oct_int_ll.o(.text)
    _printf_longlong_hex                     0x080005d5   Thumb Code    86  _printf_hex_int_ll_ptr.o(.text)
    _printf_int_hex                          0x0800062b   Thumb Code    28  _printf_hex_int_ll_ptr.o(.text)
    _printf_ll_hex                           0x08000647   Thumb Code    12  _printf_hex_int_ll_ptr.o(.text)
    _printf_hex_ptr                          0x08000653   Thumb Code    18  _printf_hex_int_ll_ptr.o(.text)
    __printf                                 0x08000669   Thumb Code   388  __printf_flags_ss_wp.o(.text)
    _ll_udiv10                               0x080007f1   Thumb Code   138  lludiv10.o(.text)
    _printf_int_common                       0x0800087b   Thumb Code   178  _printf_intcommon.o(.text)
    _printf_fp_dec_real                      0x08000add   Thumb Code   620  _printf_fp_dec.o(.text)
    _printf_fp_hex_real                      0x08000d49   Thumb Code   756  _printf_fp_hex.o(.text)
    _printf_cs_common                        0x08001045   Thumb Code    20  _printf_char.o(.text)
    _printf_char                             0x08001059   Thumb Code    16  _printf_char.o(.text)
    _printf_string                           0x08001069   Thumb Code     8  _printf_char.o(.text)
    _printf_lcs_common                       0x08001071   Thumb Code    20  _printf_wchar.o(.text)
    _printf_wchar                            0x08001085   Thumb Code    16  _printf_wchar.o(.text)
    _printf_wstring                          0x08001095   Thumb Code     8  _printf_wchar.o(.text)
    _c16rtomb                                0x0800109d   Thumb Code    72  _c16rtomb.o(.text)
    _wcrtomb                                 0x0800109d   Thumb Code     0  _c16rtomb.o(.text)
    __user_setup_stackheap                   0x080010e5   Thumb Code    74  sys_stackheap_outer.o(.text)
    __rt_ctype_table                         0x08001131   Thumb Code    16  rt_ctype_table.o(.text)
    __rt_locale                              0x08001141   Thumb Code     8  rt_locale_intlibspace.o(.text)
    _printf_fp_infnan                        0x08001149   Thumb Code   112  _printf_fp_infnan.o(.text)
    _btod_etento                             0x080011c9   Thumb Code   224  bigflt0.o(.text)
    exit                                     0x080012ad   Thumb Code    18  exit.o(.text)
    __user_libspace                          0x080012c1   Thumb Code     8  libspace.o(.text)
    __user_perproc_libspace                  0x080012c1   Thumb Code     0  libspace.o(.text)
    __user_perthread_libspace                0x080012c1   Thumb Code     0  libspace.o(.text)
    strcmp                                   0x080012c9   Thumb Code   128  strcmpv7m.o(.text)
    _sys_exit                                0x08001349   Thumb Code     8  sys_exit.o(.text)
    __I$use$semihosting                      0x08001355   Thumb Code     0  use_no_semi.o(.text)
    __use_no_semihosting_swi                 0x08001355   Thumb Code     2  use_no_semi.o(.text)
    __semihosting_library_function           0x08001357   Thumb Code     0  indicate_semi.o(.text)
    GPIO_ReadInputDataBit                    0x08001359   Thumb Code    52  stm32f10x_gpio.o(.text.GPIO_ReadInputDataBit)
    SysTick_Handler                          0x080014b9   Thumb Code    16  os.o(.text.SysTick_Handler)
    SystemInit                               0x080014c9   Thumb Code   102  system_stm32f10x.o(.text.SystemInit)
    USART1_IRQHandler                        0x08001531   Thumb Code    74  uart1.o(.text.USART1_IRQHandler)
    USART3_IRQHandler                        0x0800157d   Thumb Code    74  uart3.o(.text.USART3_IRQHandler)
    ADC_select(short, short)                 0x080015c9   Thumb Code   114  main.o(.text._Z10ADC_selectss)
    uart1_send(char const*, int)             0x0800163d   Thumb Code    90  uart1.o(.text._Z10uart1_sendPKci)
    uart3_send(char)                         0x08001699   Thumb Code    64  os.o(.text._Z10uart3_sendc)
    getV()                                   0x080016d9   Thumb Code    14  os.o(.text._Z4getVv)
    getX()                                   0x080016e9   Thumb Code    14  os.o(.text._Z4getXv)
    getY()                                   0x080016f9   Thumb Code    14  os.o(.text._Z4getYv)
    init()                                   0x08001709   Thumb Code   386  os.o(.text._Z4initv)
    main                                     0x08001a75   Thumb Code   258  main.o(.text.main)
    _btod_d2e                                0x08001b77   Thumb Code    62  btod.o(CL$$btod_d2e)
    _d2e_denorm_low                          0x08001bb5   Thumb Code    70  btod.o(CL$$btod_d2e_denorm_low)
    _d2e_norm_op1                            0x08001bfb   Thumb Code    96  btod.o(CL$$btod_d2e_norm_op1)
    __btod_div_common                        0x08001c5d   Thumb Code   696  btod.o(CL$$btod_div_common)
    _e2e                                     0x08001f95   Thumb Code   220  btod.o(CL$$btod_e2e)
    _btod_ediv                               0x08002071   Thumb Code    42  btod.o(CL$$btod_ediv)
    _btod_emul                               0x0800209b   Thumb Code    42  btod.o(CL$$btod_emul)
    __btod_mult_common                       0x080020c5   Thumb Code   580  btod.o(CL$$btod_mult_common)
    __ARM_fpclassify                         0x08002309   Thumb Code    40  fpclassify.o(i.__ARM_fpclassify)
    _is_digit                                0x08002331   Thumb Code    14  __printf_wp.o(i._is_digit)
    _get_lc_numeric                          0x08002341   Thumb Code    44  lc_numeric_c.o(locale$$code)
    _get_lc_ctype                            0x0800236d   Thumb Code    44  lc_ctype_c.o(locale$$code)
    _printf_fp_dec                           0x08002399   Thumb Code     4  printf1.o(x$fpl$printf1)
    _printf_fp_hex                           0x0800239d   Thumb Code     4  printf2.o(x$fpl$printf2)
    __I$use$fp                               0x080023a0   Number         0  usenofp.o(x$fpl$usenofp)
    Region$$Table$$Base                      0x080024b4   Number         0  anon$$obj.o(Region$$Table)
    Region$$Table$$Limit                     0x080024c4   Number         0  anon$$obj.o(Region$$Table)
    __ctype                                  0x080024ed   Data           0  lc_ctype_c.o(locale$$data)
    __libspace_start                         0x20000000   Data          96  libspace.o(.bss)
    __temporary_stack_top$libspace           0x20000060   Data           0  libspace.o(.bss)
    buffer                                   0x2000007c   Data          50  main.o(.bss.buffer)



==============================================================================

Memory Map of the image

  Image Entry point : 0x08000219

  Load Region LR_1 (Base: 0x08000000, Size: 0x000025f0, Max: 0xffffffff, ABSOLUTE)

    Execution Region ER_RO (Exec base: 0x08000000, Load base: 0x08000000, Size: 0x000025f0, Max: 0xffffffff, ABSOLUTE)

    Exec Addr    Load Addr    Size         Type   Attr      Idx    E Section Name        Object

    0x08000000   0x08000000   0x000000ec   Data   RO          676    RESET               startup_stm32f10x_md.o
    0x080000ec   0x080000ec   0x00000008   Code   RO          706  * !!!main             c_w.l(__main.o)
    0x080000f4   0x080000f4   0x00000034   Code   RO         1043    !!!scatter          c_w.l(__scatter.o)
    0x08000128   0x08000128   0x0000001c   Code   RO         1045    !!handler_zi        c_w.l(__scatter_zi.o)
    0x08000144   0x08000144   0x00000000   Code   RO          790    .ARM.Collect$$_printf_percent$$00000000  c_w.l(_printf_percent.o)
    0x08000144   0x08000144   0x00000006   Code   RO          779    .ARM.Collect$$_printf_percent$$00000001  c_w.l(_printf_n.o)
    0x0800014a   0x0800014a   0x00000006   Code   RO          781    .ARM.Collect$$_printf_percent$$00000002  c_w.l(_printf_p.o)
    0x08000150   0x08000150   0x00000006   Code   RO          786    .ARM.Collect$$_printf_percent$$00000003  c_w.l(_printf_f.o)
    0x08000156   0x08000156   0x00000006   Code   RO          787    .ARM.Collect$$_printf_percent$$00000004  c_w.l(_printf_e.o)
    0x0800015c   0x0800015c   0x00000006   Code   RO          788    .ARM.Collect$$_printf_percent$$00000005  c_w.l(_printf_g.o)
    0x08000162   0x08000162   0x00000006   Code   RO          789    .ARM.Collect$$_printf_percent$$00000006  c_w.l(_printf_a.o)
    0x08000168   0x08000168   0x0000000a   Code   RO          794    .ARM.Collect$$_printf_percent$$00000007  c_w.l(_printf_ll.o)
    0x08000172   0x08000172   0x00000006   Code   RO          783    .ARM.Collect$$_printf_percent$$00000008  c_w.l(_printf_i.o)
    0x08000178   0x08000178   0x00000006   Code   RO          784    .ARM.Collect$$_printf_percent$$00000009  c_w.l(_printf_d.o)
    0x0800017e   0x0800017e   0x00000006   Code   RO          785    .ARM.Collect$$_printf_percent$$0000000A  c_w.l(_printf_u.o)
    0x08000184   0x08000184   0x00000006   Code   RO          782    .ARM.Collect$$_printf_percent$$0000000B  c_w.l(_printf_o.o)
    0x0800018a   0x0800018a   0x00000006   Code   RO          780    .ARM.Collect$$_printf_percent$$0000000C  c_w.l(_printf_x.o)
    0x08000190   0x08000190   0x00000006   Code   RO          791    .ARM.Collect$$_printf_percent$$0000000D  c_w.l(_printf_lli.o)
    0x08000196   0x08000196   0x00000006   Code   RO          792    .ARM.Collect$$_printf_percent$$0000000E  c_w.l(_printf_lld.o)
    0x0800019c   0x0800019c   0x00000006   Code   RO          793    .ARM.Collect$$_printf_percent$$0000000F  c_w.l(_printf_llu.o)
    0x080001a2   0x080001a2   0x00000006   Code   RO          798    .ARM.Collect$$_printf_percent$$00000010  c_w.l(_printf_llo.o)
    0x080001a8   0x080001a8   0x00000006   Code   RO          799    .ARM.Collect$$_printf_percent$$00000011  c_w.l(_printf_llx.o)
    0x080001ae   0x080001ae   0x0000000a   Code   RO          795    .ARM.Collect$$_printf_percent$$00000012  c_w.l(_printf_l.o)
    0x080001b8   0x080001b8   0x00000006   Code   RO          777    .ARM.Collect$$_printf_percent$$00000013  c_w.l(_printf_c.o)
    0x080001be   0x080001be   0x00000006   Code   RO          778    .ARM.Collect$$_printf_percent$$00000014  c_w.l(_printf_s.o)
    0x080001c4   0x080001c4   0x00000006   Code   RO          796    .ARM.Collect$$_printf_percent$$00000015  c_w.l(_printf_lc.o)
    0x080001ca   0x080001ca   0x00000006   Code   RO          797    .ARM.Collect$$_printf_percent$$00000016  c_w.l(_printf_ls.o)
    0x080001d0   0x080001d0   0x00000004   Code   RO          840    .ARM.Collect$$_printf_percent$$00000017  c_w.l(_printf_percent_end.o)
    0x080001d4   0x080001d4   0x00000002   Code   RO          891    .ARM.Collect$$libinit$$00000000  c_w.l(libinit.o)
    0x080001d6   0x080001d6   0x00000000   Code   RO          910    .ARM.Collect$$libinit$$00000002  c_w.l(libinit2.o)
    0x080001d6   0x080001d6   0x00000000   Code   RO          912    .ARM.Collect$$libinit$$00000004  c_w.l(libinit2.o)
    0x080001d6   0x080001d6   0x00000000   Code   RO          914    .ARM.Collect$$libinit$$00000006  c_w.l(libinit2.o)
    0x080001d6   0x080001d6   0x00000000   Code   RO          917    .ARM.Collect$$libinit$$0000000C  c_w.l(libinit2.o)
    0x080001d6   0x080001d6   0x00000000   Code   RO          919    .ARM.Collect$$libinit$$0000000E  c_w.l(libinit2.o)
    0x080001d6   0x080001d6   0x00000000   Code   RO          921    .ARM.Collect$$libinit$$00000010  c_w.l(libinit2.o)
    0x080001d6   0x080001d6   0x00000006   Code   RO          922    .ARM.Collect$$libinit$$00000011  c_w.l(libinit2.o)
    0x080001dc   0x080001dc   0x00000000   Code   RO          924    .ARM.Collect$$libinit$$00000013  c_w.l(libinit2.o)
    0x080001dc   0x080001dc   0x0000000c   Code   RO          925    .ARM.Collect$$libinit$$00000014  c_w.l(libinit2.o)
    0x080001e8   0x080001e8   0x00000000   Code   RO          926    .ARM.Collect$$libinit$$00000015  c_w.l(libinit2.o)
    0x080001e8   0x080001e8   0x00000000   Code   RO          928    .ARM.Collect$$libinit$$00000017  c_w.l(libinit2.o)
    0x080001e8   0x080001e8   0x0000000a   Code   RO          929    .ARM.Collect$$libinit$$00000018  c_w.l(libinit2.o)
    0x080001f2   0x080001f2   0x00000000   Code   RO          930    .ARM.Collect$$libinit$$00000019  c_w.l(libinit2.o)
    0x080001f2   0x080001f2   0x00000000   Code   RO          932    .ARM.Collect$$libinit$$0000001B  c_w.l(libinit2.o)
    0x080001f2   0x080001f2   0x00000000   Code   RO          934    .ARM.Collect$$libinit$$0000001D  c_w.l(libinit2.o)
    0x080001f2   0x080001f2   0x00000000   Code   RO          936    .ARM.Collect$$libinit$$0000001F  c_w.l(libinit2.o)
    0x080001f2   0x080001f2   0x00000000   Code   RO          938    .ARM.Collect$$libinit$$00000021  c_w.l(libinit2.o)
    0x080001f2   0x080001f2   0x00000000   Code   RO          940    .ARM.Collect$$libinit$$00000023  c_w.l(libinit2.o)
    0x080001f2   0x080001f2   0x00000000   Code   RO          942    .ARM.Collect$$libinit$$00000025  c_w.l(libinit2.o)
    0x080001f2   0x080001f2   0x00000000   Code   RO          944    .ARM.Collect$$libinit$$00000027  c_w.l(libinit2.o)
    0x080001f2   0x080001f2   0x00000000   Code   RO          948    .ARM.Collect$$libinit$$0000002E  c_w.l(libinit2.o)
    0x080001f2   0x080001f2   0x00000000   Code   RO          950    .ARM.Collect$$libinit$$00000030  c_w.l(libinit2.o)
    0x080001f2   0x080001f2   0x00000000   Code   RO          952    .ARM.Collect$$libinit$$00000032  c_w.l(libinit2.o)
    0x080001f2   0x080001f2   0x00000000   Code   RO          954    .ARM.Collect$$libinit$$00000034  c_w.l(libinit2.o)
    0x080001f2   0x080001f2   0x00000002   Code   RO          955    .ARM.Collect$$libinit$$00000035  c_w.l(libinit2.o)
    0x080001f4   0x080001f4   0x00000002   Code   RO          979    .ARM.Collect$$libshutdown$$00000000  c_w.l(libshutdown.o)
    0x080001f6   0x080001f6   0x00000000   Code   RO          994    .ARM.Collect$$libshutdown$$00000002  c_w.l(libshutdown2.o)
    0x080001f6   0x080001f6   0x00000000   Code   RO          996    .ARM.Collect$$libshutdown$$00000004  c_w.l(libshutdown2.o)
    0x080001f6   0x080001f6   0x00000000   Code   RO          999    .ARM.Collect$$libshutdown$$00000007  c_w.l(libshutdown2.o)
    0x080001f6   0x080001f6   0x00000000   Code   RO         1002    .ARM.Collect$$libshutdown$$0000000A  c_w.l(libshutdown2.o)
    0x080001f6   0x080001f6   0x00000000   Code   RO         1004    .ARM.Collect$$libshutdown$$0000000C  c_w.l(libshutdown2.o)
    0x080001f6   0x080001f6   0x00000000   Code   RO         1007    .ARM.Collect$$libshutdown$$0000000F  c_w.l(libshutdown2.o)
    0x080001f6   0x080001f6   0x00000002   Code   RO         1008    .ARM.Collect$$libshutdown$$00000010  c_w.l(libshutdown2.o)
    0x080001f8   0x080001f8   0x00000000   Code   RO          708    .ARM.Collect$$rtentry$$00000000  c_w.l(__rtentry.o)
    0x080001f8   0x080001f8   0x00000000   Code   RO          809    .ARM.Collect$$rtentry$$00000002  c_w.l(__rtentry2.o)
    0x080001f8   0x080001f8   0x00000006   Code   RO          821    .ARM.Collect$$rtentry$$00000004  c_w.l(__rtentry4.o)
    0x080001fe   0x080001fe   0x00000000   Code   RO          811    .ARM.Collect$$rtentry$$00000009  c_w.l(__rtentry2.o)
    0x080001fe   0x080001fe   0x00000004   Code   RO          812    .ARM.Collect$$rtentry$$0000000A  c_w.l(__rtentry2.o)
    0x08000202   0x08000202   0x00000000   Code   RO          814    .ARM.Collect$$rtentry$$0000000C  c_w.l(__rtentry2.o)
    0x08000202   0x08000202   0x00000008   Code   RO          815    .ARM.Collect$$rtentry$$0000000D  c_w.l(__rtentry2.o)
    0x0800020a   0x0800020a   0x00000002   Code   RO          900    .ARM.Collect$$rtexit$$00000000  c_w.l(rtexit.o)
    0x0800020c   0x0800020c   0x00000000   Code   RO          957    .ARM.Collect$$rtexit$$00000002  c_w.l(rtexit2.o)
    0x0800020c   0x0800020c   0x00000004   Code   RO          958    .ARM.Collect$$rtexit$$00000003  c_w.l(rtexit2.o)
    0x08000210   0x08000210   0x00000006   Code   RO          959    .ARM.Collect$$rtexit$$00000004  c_w.l(rtexit2.o)
    0x08000216   0x08000216   0x00000002   PAD
    0x08000218   0x08000218   0x00000040   Code   RO          677  * .text               startup_stm32f10x_md.o
    0x08000258   0x08000258   0x0000002c   Code   RO          702    .text               c_w.l(sprintf.o)
    0x08000284   0x08000284   0x00000006   Code   RO          704    .text               c_w.l(heapauxi.o)
    0x0800028a   0x0800028a   0x0000004e   Code   RO          711    .text               c_w.l(_printf_pad.o)
    0x080002d8   0x080002d8   0x00000024   Code   RO          713    .text               c_w.l(_printf_truncate.o)
    0x080002fc   0x080002fc   0x00000052   Code   RO          715    .text               c_w.l(_printf_str.o)
    0x0800034e   0x0800034e   0x00000002   PAD
    0x08000350   0x08000350   0x00000078   Code   RO          717    .text               c_w.l(_printf_dec.o)
    0x080003c8   0x080003c8   0x00000028   Code   RO          719    .text               c_w.l(_printf_charcount.o)
    0x080003f0   0x080003f0   0x00000030   Code   RO          721    .text               c_w.l(_printf_char_common.o)
    0x08000420   0x08000420   0x0000000a   Code   RO          723    .text               c_w.l(_sputc.o)
    0x0800042a   0x0800042a   0x00000002   PAD
    0x0800042c   0x0800042c   0x000000bc   Code   RO          725    .text               c_w.l(_printf_wctomb.o)
    0x080004e8   0x080004e8   0x0000007c   Code   RO          728    .text               c_w.l(_printf_longlong_dec.o)
    0x08000564   0x08000564   0x00000070   Code   RO          734    .text               c_w.l(_printf_oct_int_ll.o)
    0x080005d4   0x080005d4   0x00000094   Code   RO          754    .text               c_w.l(_printf_hex_int_ll_ptr.o)
    0x08000668   0x08000668   0x00000188   Code   RO          774    .text               c_w.l(__printf_flags_ss_wp.o)
    0x080007f0   0x080007f0   0x0000008a   Code   RO          823    .text               c_w.l(lludiv10.o)
    0x0800087a   0x0800087a   0x000000b2   Code   RO          825    .text               c_w.l(_printf_intcommon.o)
    0x0800092c   0x0800092c   0x0000041c   Code   RO          827    .text               c_w.l(_printf_fp_dec.o)
    0x08000d48   0x08000d48   0x000002fc   Code   RO          831    .text               c_w.l(_printf_fp_hex.o)
    0x08001044   0x08001044   0x0000002c   Code   RO          836    .text               c_w.l(_printf_char.o)
    0x08001070   0x08001070   0x0000002c   Code   RO          838    .text               c_w.l(_printf_wchar.o)
    0x0800109c   0x0800109c   0x00000048   Code   RO          841    .text               c_w.l(_c16rtomb.o)
    0x080010e4   0x080010e4   0x0000004a   Code   RO          843    .text               c_w.l(sys_stackheap_outer.o)
    0x0800112e   0x0800112e   0x00000002   PAD
    0x08001130   0x08001130   0x00000010   Code   RO          845    .text               c_w.l(rt_ctype_table.o)
    0x08001140   0x08001140   0x00000008   Code   RO          850    .text               c_w.l(rt_locale_intlibspace.o)
    0x08001148   0x08001148   0x00000080   Code   RO          852    .text               c_w.l(_printf_fp_infnan.o)
    0x080011c8   0x080011c8   0x000000e4   Code   RO          854    .text               c_w.l(bigflt0.o)
    0x080012ac   0x080012ac   0x00000012   Code   RO          884    .text               c_w.l(exit.o)
    0x080012be   0x080012be   0x00000002   PAD
    0x080012c0   0x080012c0   0x00000008   Code   RO          897    .text               c_w.l(libspace.o)
    0x080012c8   0x080012c8   0x00000080   Code   RO          907    .text               c_w.l(strcmpv7m.o)
    0x08001348   0x08001348   0x0000000c   Code   RO          969    .text               c_w.l(sys_exit.o)
    0x08001354   0x08001354   0x00000002   Code   RO          984    .text               c_w.l(use_no_semi.o)
    0x08001356   0x08001356   0x00000000   Code   RO          986    .text               c_w.l(indicate_semi.o)
    0x08001356   0x08001356   0x00000002   PAD
    0x08001358   0x08001358   0x00000034   Code   RO          260    .text.GPIO_ReadInputDataBit  stm32f10x_gpio.o
    0x0800138c   0x0800138c   0x00000008   Code   RO          686    .text.SetSysClock   system_stm32f10x.o
    0x08001394   0x08001394   0x00000122   Code   RO          690    .text.SetSysClockTo72  system_stm32f10x.o
    0x080014b6   0x080014b6   0x00000002   PAD
    0x080014b8   0x080014b8   0x00000010   Code   RO           87    .text.SysTick_Handler  os.o
    0x080014c8   0x080014c8   0x00000066   Code   RO          684    .text.SystemInit    system_stm32f10x.o
    0x0800152e   0x0800152e   0x00000002   PAD
    0x08001530   0x08001530   0x0000004a   Code   RO            2    .text.USART1_IRQHandler  uart1.o
    0x0800157a   0x0800157a   0x00000002   PAD
    0x0800157c   0x0800157c   0x0000004a   Code   RO           21    .text.USART3_IRQHandler  uart3.o
    0x080015c6   0x080015c6   0x00000002   PAD
    0x080015c8   0x080015c8   0x00000072   Code   RO           42    .text._Z10ADC_selectss  main.o
    0x0800163a   0x0800163a   0x00000002   PAD
    0x0800163c   0x0800163c   0x0000005a   Code   RO            6    .text._Z10uart1_sendPKci  uart1.o
    0x08001696   0x08001696   0x00000002   PAD
    0x08001698   0x08001698   0x00000040   Code   RO           79    .text._Z10uart3_sendc  os.o
    0x080016d8   0x080016d8   0x0000000e   Code   RO           69    .text._Z4getVv      os.o
    0x080016e6   0x080016e6   0x00000002   PAD
    0x080016e8   0x080016e8   0x0000000e   Code   RO           65    .text._Z4getXv      os.o
    0x080016f6   0x080016f6   0x00000002   PAD
    0x080016f8   0x080016f8   0x0000000e   Code   RO           67    .text._Z4getYv      os.o
    0x08001706   0x08001706   0x00000002   PAD
    0x08001708   0x08001708   0x00000182   Code   RO           71    .text._Z4initv      os.o
    0x0800188a   0x0800188a   0x00000002   PAD
    0x0800188c   0x0800188c   0x00000052   Code   RO           73    .text._ZL14SysTick_Configj  os.o
    0x080018de   0x080018de   0x00000002   PAD
    0x080018e0   0x080018e0   0x00000030   Code   RO           75    .text._ZL16__NVIC_EnableIRQ4IRQn  os.o
    0x08001910   0x08001910   0x00000042   Code   RO           91    .text._ZL18__NVIC_SetPriority4IRQnj  os.o
    0x08001952   0x08001952   0x00000002   PAD
    0x08001954   0x08001954   0x00000090   Code   RO            4    .text._ZN12_GLOBAL__N_14getCERc  uart1.o
    0x080019e4   0x080019e4   0x00000090   Code   RO           23    .text._ZN12_GLOBAL__N_14getCERc  uart3.o
    0x08001a74   0x08001a74   0x00000102   Code   RO           40    .text.main          main.o
    0x08001b76   0x08001b76   0x0000003e   Code   RO          857    CL$$btod_d2e        c_w.l(btod.o)
    0x08001bb4   0x08001bb4   0x00000046   Code   RO          859    CL$$btod_d2e_denorm_low  c_w.l(btod.o)
    0x08001bfa   0x08001bfa   0x00000060   Code   RO          858    CL$$btod_d2e_norm_op1  c_w.l(btod.o)
    0x08001c5a   0x08001c5a   0x00000002   PAD
    0x08001c5c   0x08001c5c   0x00000338   Code   RO          867    CL$$btod_div_common  c_w.l(btod.o)
    0x08001f94   0x08001f94   0x000000dc   Code   RO          864    CL$$btod_e2e        c_w.l(btod.o)
    0x08002070   0x08002070   0x0000002a   Code   RO          861    CL$$btod_ediv       c_w.l(btod.o)
    0x0800209a   0x0800209a   0x0000002a   Code   RO          860    CL$$btod_emul       c_w.l(btod.o)
    0x080020c4   0x080020c4   0x00000244   Code   RO          866    CL$$btod_mult_common  c_w.l(btod.o)
    0x08002308   0x08002308   0x00000028   Code   RO          895    i.__ARM_fpclassify  m_ws.l(fpclassify.o)
    0x08002330   0x08002330   0x0000000e   Code   RO          767    i._is_digit         c_w.l(__printf_wp.o)
    0x0800233e   0x0800233e   0x00000002   PAD
    0x08002340   0x08002340   0x0000002c   Code   RO          882    locale$$code        c_w.l(lc_numeric_c.o)
    0x0800236c   0x0800236c   0x0000002c   Code   RO          905    locale$$code        c_w.l(lc_ctype_c.o)
    0x08002398   0x08002398   0x00000004   Code   RO          800    x$fpl$printf1       fz_ws.l(printf1.o)
    0x0800239c   0x0800239c   0x00000004   Code   RO          802    x$fpl$printf2       fz_ws.l(printf2.o)
    0x080023a0   0x080023a0   0x00000000   Code   RO          894    x$fpl$usenofp       fz_ws.l(usenofp.o)
    0x080023a0   0x080023a0   0x00000008   Data   RO          726    .constdata          c_w.l(_printf_wctomb.o)
    0x080023a8   0x080023a8   0x00000028   Data   RO          755    .constdata          c_w.l(_printf_hex_int_ll_ptr.o)
    0x080023d0   0x080023d0   0x00000011   Data   RO          775    .constdata          c_w.l(__printf_flags_ss_wp.o)
    0x080023e1   0x080023e1   0x00000026   Data   RO          832    .constdata          c_w.l(_printf_fp_hex.o)
    0x08002407   0x08002407   0x00000001   PAD
    0x08002408   0x08002408   0x00000094   Data   RO          855    .constdata          c_w.l(bigflt0.o)
    0x0800249c   0x0800249c   0x00000017   Data   RO           54    .rodata.str1.1      main.o
    0x080024b3   0x080024b3   0x00000001   PAD
    0x080024b4   0x080024b4   0x00000010   Data   RO         1042    Region$$Table       anon$$obj.o
    0x080024c4   0x080024c4   0x0000001c   Data   RO          881    locale$$data        c_w.l(lc_numeric_c.o)
    0x080024e0   0x080024e0   0x00000110   Data   RO          904    locale$$data        c_w.l(lc_ctype_c.o)


    Execution Region ER_RW (Exec base: 0x20000000, Load base: 0x080025f0, Size: 0x00000000, Max: 0xffffffff, ABSOLUTE)

    **** No section assigned to this execution region ****


    Execution Region ER_ZI (Exec base: 0x20000000, Load base: 0x080025f0, Size: 0x000006b0, Max: 0xffffffff, ABSOLUTE)

    Exec Addr    Load Addr    Size         Type   Attr      Idx    E Section Name        Object

    0x20000000        -       0x00000060   Zero   RW          898    .bss                c_w.l(libspace.o)
    0x20000060        -       0x00000004   Zero   RW           12    .bss._ZN12_GLOBAL__N_13ptrE  uart1.o
    0x20000064        -       0x00000004   Zero   RW           31    .bss._ZN12_GLOBAL__N_13ptrE  uart3.o
    0x20000068        -       0x00000006   Zero   RW           93    .bss._ZN12_GLOBAL__N_14ADCsE  os.o
    0x2000006e   0x080025f0   0x00000002   PAD
    0x20000070        -       0x00000004   Zero   RW           94    .bss._ZN12_GLOBAL__N_14tickE  os.o
    0x20000074        -       0x00000004   Zero   RW           13    .bss._ZN12_GLOBAL__N_15countE  uart1.o
    0x20000078        -       0x00000004   Zero   RW           32    .bss._ZN12_GLOBAL__N_15countE  uart3.o
    0x2000007c        -       0x00000032   Zero   RW           53    .bss.buffer         main.o
    0x200000ae   0x080025f0   0x00000002   PAD
    0x200000b0        -       0x00000200   Zero   RW          675    HEAP                startup_stm32f10x_md.o
    0x200002b0        -       0x00000400   Zero   RW          674    STACK               startup_stm32f10x_md.o


==============================================================================

Image component sizes


      Code (inc. data)   RO Data    RW Data    ZI Data      Debug   Object Name

       372          0         23          0         50       6075   main.o
       704          0          0          0         10       7512   os.o
        64         26        236          0       1536        916   startup_stm32f10x_md.o
        52          0          0          0          0       5765   stm32f10x_gpio.o
       400          0          0          0          0       2942   system_stm32f10x.o
       308          0          0          0          8       2956   uart1.o
       218          0          0          0          8       2956   uart3.o

    ----------------------------------------------------------------------
      2142         26        276          0       1616      29122   Object Totals
         0          0         16          0          0          0   (incl. Generated)
        24          0          1          0          4          0   (incl. Padding)

    ----------------------------------------------------------------------

      Code (inc. data)   RO Data    RW Data    ZI Data      Debug   Library Member Name

         8          0          0          0          0         68   __main.o
       392          4         17          0          0         92   __printf_flags_ss_wp.o
        14          0          0          0          0         68   __printf_wp.o
         0          0          0          0          0          0   __rtentry.o
        12          0          0          0          0          0   __rtentry2.o
         6          0          0          0          0          0   __rtentry4.o
        52          8          0          0          0          0   __scatter.o
        28          0          0          0          0          0   __scatter_zi.o
        72          0          0          0          0         96   _c16rtomb.o
         6          0          0          0          0          0   _printf_a.o
         6          0          0          0          0          0   _printf_c.o
        44          0          0          0          0        108   _printf_char.o
        48          6          0          0          0         96   _printf_char_common.o
        40          0          0          0          0         68   _printf_charcount.o
         6          0          0          0          0          0   _printf_d.o
       120         16          0          0          0         92   _printf_dec.o
         6          0          0          0          0          0   _printf_e.o
         6          0          0          0          0          0   _printf_f.o
      1052          0          0          0          0        148   _printf_fp_dec.o
       764          8         38          0          0        100   _printf_fp_hex.o
       128         16          0          0          0         84   _printf_fp_infnan.o
         6          0          0          0          0          0   _printf_g.o
       148          4         40          0          0        160   _printf_hex_int_ll_ptr.o
         6          0          0          0          0          0   _printf_i.o
       178          0          0          0          0         88   _printf_intcommon.o
        10          0          0          0          0          0   _printf_l.o
         6          0          0          0          0          0   _printf_lc.o
        10          0          0          0          0          0   _printf_ll.o
         6          0          0          0          0          0   _printf_lld.o
         6          0          0          0          0          0   _printf_lli.o
         6          0          0          0          0          0   _printf_llo.o
         6          0          0          0          0          0   _printf_llu.o
         6          0          0          0          0          0   _printf_llx.o
       124         16          0          0          0         92   _printf_longlong_dec.o
         6          0          0          0          0          0   _printf_ls.o
         6          0          0          0          0          0   _printf_n.o
         6          0          0          0          0          0   _printf_o.o
       112          8          0          0          0        124   _printf_oct_int_ll.o
         6          0          0          0          0          0   _printf_p.o
        78          0          0          0          0        108   _printf_pad.o
         0          0          0          0          0          0   _printf_percent.o
         4          0          0          0          0          0   _printf_percent_end.o
         6          0          0          0          0          0   _printf_s.o
        82          0          0          0          0         80   _printf_str.o
        36          0          0          0          0         84   _printf_truncate.o
         6          0          0          0          0          0   _printf_u.o
        44          0          0          0          0        108   _printf_wchar.o
       188          6          8          0          0         92   _printf_wctomb.o
         6          0          0          0          0          0   _printf_x.o
        10          0          0          0          0         68   _sputc.o
       228          4        148          0          0         96   bigflt0.o
      1936        128          0          0          0        668   btod.o
        18          0          0          0          0         80   exit.o
         6          0          0          0          0        152   heapauxi.o
         0          0          0          0          0          0   indicate_semi.o
        44         10        272          0          0         76   lc_ctype_c.o
        44         10         28          0          0         76   lc_numeric_c.o
         2          0          0          0          0          0   libinit.o
        30          0          0          0          0          0   libinit2.o
         2          0          0          0          0          0   libshutdown.o
         2          0          0          0          0          0   libshutdown2.o
         8          4          0          0         96         68   libspace.o
       138          0          0          0          0         80   lludiv10.o
        16          4          0          0          0         76   rt_ctype_table.o
         8          4          0          0          0         68   rt_locale_intlibspace.o
         2          0          0          0          0          0   rtexit.o
        10          0          0          0          0          0   rtexit2.o
        44          6          0          0          0         84   sprintf.o
       128          0          0          0          0         68   strcmpv7m.o
        12          4          0          0          0         68   sys_exit.o
        74          0          0          0          0         80   sys_stackheap_outer.o
         2          0          0          0          0         68   use_no_semi.o
         4          0          0          0          0         68   printf1.o
         4          0          0          0          0         68   printf2.o
         0          0          0          0          0          0   usenofp.o
        40          0          0          0          0         68   fpclassify.o

    ----------------------------------------------------------------------
      6742        266        552          0         96       4036   Library Totals
        16          0          1          0          0          0   (incl. Padding)

    ----------------------------------------------------------------------

      Code (inc. data)   RO Data    RW Data    ZI Data      Debug   Library Name

      6678        266        551          0         96       3832   c_w.l
         8          0          0          0          0        136   fz_ws.l
        40          0          0          0          0         68   m_ws.l

    ----------------------------------------------------------------------
      6742        266        552          0         96       4036   Library Totals

    ----------------------------------------------------------------------

==============================================================================


      Code (inc. data)   RO Data    RW Data    ZI Data      Debug   

      8884        292        828          0       1712      30854   Grand Totals
      8884        292        828          0       1712      30854   ELF Image Totals
      8884        292        828          0          0          0   ROM Totals

==============================================================================

    Total RO  Size (Code + RO Data)                 9712 (   9.48kB)
    Total RW  Size (RW Data + ZI Data)              1712 (   1.67kB)
    Total ROM Size (Code + RO Data + RW Data)       9712 (   9.48kB)

==============================================================================

